Component: ARM Compiler 5.06 update 2 (build 183) Tool: armlink [4d35b7]

==============================================================================

Section Cross References

    main.o(i.main) refers to misc.o(i.NVIC_PriorityGroupConfig) for NVIC_PriorityGroupConfig
    main.o(i.main) refers to delay.o(i.delay_init) for delay_init
    main.o(i.main) refers to usart.o(i.uart1_init) for uart1_init
    main.o(i.main) refers to timer.o(i.TIM3_Int_Init) for TIM3_Int_Init
    main.o(i.main) refers to timer.o(i.TIM2_Int_Init) for TIM2_Int_Init
    main.o(i.main) refers to exti.o(i.EXTIX_Init) for EXTIX_Init
    main.o(i.main) refers to led.o(i.LED_Init) for LED_Init
    main.o(i.main) refers to beep.o(i.BEEP_Init) for BEEP_Init
    main.o(i.main) refers to key.o(i.KEY_Init) for KEY_Init
    main.o(i.main) refers to 24cxx.o(i.AT24CXX_Init) for AT24CXX_Init
    main.o(i.main) refers to flash.o(i.SPI_Flash_Init) for SPI_Flash_Init
    main.o(i.main) refers to lcd12864.o(i.LCD12864_Init) for LCD12864_Init
    main.o(i.main) refers to malloc.o(i.mem_init) for mem_init
    main.o(i.main) refers to exfuns.o(i.exfuns_init) for exfuns_init
    main.o(i.main) refers to ff.o(i.f_mount) for f_mount
    main.o(i.main) refers to lcd12864_menu.o(i.lcd_menuInit) for lcd_menuInit
    main.o(i.main) refers to marlin_main.o(i.setup) for setup
    main.o(i.main) refers to marlin_main.o(i.loop) for loop
    main.o(i.main) refers to exfuns.o(.data) for fs
    marlin_main.o(i.ClearToSend) refers to noretval__2printf.o(.text) for __2printf
    marlin_main.o(i.ClearToSend) refers to timer.o(.data) for SystemCurrentTime
    marlin_main.o(i.ClearToSend) refers to marlin_main.o(.data) for previous_millis_cmd
    marlin_main.o(i.FlushSerialRequestResend) refers to _printf_percent.o(.ARM.Collect$$_printf_percent$$00000000) for _printf_percent
    marlin_main.o(i.FlushSerialRequestResend) refers to _printf_d.o(.ARM.Collect$$_printf_percent$$00000009) for _printf_d
    marlin_main.o(i.FlushSerialRequestResend) refers to _printf_dec.o(.text) for _printf_int_dec
    marlin_main.o(i.FlushSerialRequestResend) refers to usart.o(i.MYSERIAL_flush) for MYSERIAL_flush
    marlin_main.o(i.FlushSerialRequestResend) refers to noretval__2printf.o(.text) for __2printf
    marlin_main.o(i.FlushSerialRequestResend) refers to marlin_main.o(i.ClearToSend) for ClearToSend
    marlin_main.o(i.FlushSerialRequestResend) refers to marlin_main.o(.data) for gcode_LastN
    marlin_main.o(i.IsStopped) refers to marlin_main.o(.data) for Stopped
    marlin_main.o(i.Stop) refers to temperature.o(i.disable_heater) for disable_heater
    marlin_main.o(i.Stop) refers to noretval__2printf.o(.text) for __2printf
    marlin_main.o(i.Stop) refers to marlin_main.o(.data) for Stopped
    marlin_main.o(i.Stop) refers to marlin_main.o(.conststring) for .conststring
    marlin_main.o(i.axis_is_at_home) refers to faddsub_clz.o(x$fpl$fadd) for __aeabi_fadd
    marlin_main.o(i.axis_is_at_home) refers to marlin_main.o(.bss) for add_homeing
    marlin_main.o(i.axis_is_at_home) refers to marlin_main.o(.constdata) for base_home_pos
    marlin_main.o(i.axis_is_at_home) refers to marlin_main.o(.data) for base_max_pos
    marlin_main.o(i.clamp_to_software_endstops) refers to fleqf.o(x$fpl$fleqf) for __aeabi_cfcmple
    marlin_main.o(i.clamp_to_software_endstops) refers to frleqf.o(x$fpl$frleqf) for __aeabi_cfrcmple
    marlin_main.o(i.clamp_to_software_endstops) refers to marlin_main.o(.bss) for min_pos
    marlin_main.o(i.clamp_to_software_endstops) refers to marlin_main.o(.data) for max_pos
    marlin_main.o(i.code_seen) refers to strchr.o(.text) for strchr
    marlin_main.o(i.code_seen) refers to marlin_main.o(.bss) for cmdbuffer
    marlin_main.o(i.code_seen) refers to marlin_main.o(.data) for bufindr
    marlin_main.o(i.code_value) refers to strtod.o(i.strtod) for strtod
    marlin_main.o(i.code_value) refers to d2f.o(x$fpl$d2f) for __aeabi_d2f
    marlin_main.o(i.code_value) refers to marlin_main.o(.bss) for cmdbuffer
    marlin_main.o(i.code_value) refers to marlin_main.o(.data) for bufindr
    marlin_main.o(i.code_value_long) refers to strtol.o(.text) for strtol
    marlin_main.o(i.code_value_long) refers to marlin_main.o(.bss) for cmdbuffer
    marlin_main.o(i.code_value_long) refers to marlin_main.o(.data) for bufindr
    marlin_main.o(i.enquecommand) refers to _printf_percent.o(.ARM.Collect$$_printf_percent$$00000000) for _printf_percent
    marlin_main.o(i.enquecommand) refers to _printf_s.o(.ARM.Collect$$_printf_percent$$00000014) for _printf_s
    marlin_main.o(i.enquecommand) refers to _printf_str.o(.text) for _printf_str
    marlin_main.o(i.enquecommand) refers to strcpy.o(.text) for strcpy
    marlin_main.o(i.enquecommand) refers to noretval__2printf.o(.text) for __2printf
    marlin_main.o(i.enquecommand) refers to marlin_main.o(.data) for buflen
    marlin_main.o(i.enquecommand) refers to marlin_main.o(.bss) for cmdbuffer
[...]
    __aeabi_cdcmpeq                          0x08013d35   Thumb Code     0  deqf.o(x$fpl$deqf)
    _dcmpeq                                  0x08013d35   Thumb Code   120  deqf.o(x$fpl$deqf)
    __aeabi_d2iz                             0x08013dad   Thumb Code     0  dfix.o(x$fpl$dfix)
    _dfix                                    0x08013dad   Thumb Code    94  dfix.o(x$fpl$dfix)
    __aeabi_d2uiz                            0x08013e0d   Thumb Code     0  dfixu.o(x$fpl$dfixu)
    _dfixu                                   0x08013e0d   Thumb Code    90  dfixu.o(x$fpl$dfixu)
    __aeabi_i2d                              0x08013e67   Thumb Code     0  dflt_clz.o(x$fpl$dflt)
    _dflt                                    0x08013e67   Thumb Code    46  dflt_clz.o(x$fpl$dflt)
    __aeabi_ui2d                             0x08013e95   Thumb Code     0  dflt_clz.o(x$fpl$dfltu)
    _dfltu                                   0x08013e95   Thumb Code    38  dflt_clz.o(x$fpl$dfltu)
    __aeabi_cdcmple                          0x08013ebd   Thumb Code     0  dleqf.o(x$fpl$dleqf)
    _dcmple                                  0x08013ebd   Thumb Code   120  dleqf.o(x$fpl$dleqf)
    __fpl_dcmple_InfNaN                      0x08013f1f   Thumb Code     0  dleqf.o(x$fpl$dleqf)
    __aeabi_dmul                             0x08013f35   Thumb Code     0  dmul.o(x$fpl$dmul)
    _dmul                                    0x08013f35   Thumb Code   332  dmul.o(x$fpl$dmul)
    __fpl_dnaninf                            0x08014089   Thumb Code   156  dnaninf.o(x$fpl$dnaninf)
    __fpl_dretinf                            0x08014125   Thumb Code    12  dretinf.o(x$fpl$dretinf)
    __aeabi_cdrcmple                         0x08014131   Thumb Code     0  drleqf.o(x$fpl$drleqf)
    _drcmple                                 0x08014131   Thumb Code   108  drleqf.o(x$fpl$drleqf)
    __aeabi_drsub                            0x0801419d   Thumb Code     0  daddsub_clz.o(x$fpl$drsb)
    _drsb                                    0x0801419d   Thumb Code    22  daddsub_clz.o(x$fpl$drsb)
    _dsqrt                                   0x080141b5   Thumb Code   456  dsqrt_noumaal.o(x$fpl$dsqrt)
    __aeabi_dsub                             0x08014381   Thumb Code     0  daddsub_clz.o(x$fpl$dsub)
    _dsub                                    0x08014381   Thumb Code   464  daddsub_clz.o(x$fpl$dsub)
    __aeabi_f2d                              0x08014555   Thumb Code     0  f2d.o(x$fpl$f2d)
    _f2d                                     0x08014555   Thumb Code    86  f2d.o(x$fpl$f2d)
    __aeabi_fadd                             0x080145ad   Thumb Code     0  faddsub_clz.o(x$fpl$fadd)
    _fadd                                    0x080145ad   Thumb Code   196  faddsub_clz.o(x$fpl$fadd)
    __fpl_fcmp_Inf                           0x08014671   Thumb Code    24  fcmpi.o(x$fpl$fcmpinf)
    __aeabi_fdiv                             0x08014689   Thumb Code     0  fdiv.o(x$fpl$fdiv)
    _fdiv                                    0x08014689   Thumb Code   384  fdiv.o(x$fpl$fdiv)
    __aeabi_cfcmpeq                          0x0801480d   Thumb Code     0  feqf.o(x$fpl$feqf)
    _fcmpeq                                  0x0801480d   Thumb Code   104  feqf.o(x$fpl$feqf)
    __aeabi_f2iz                             0x08014875   Thumb Code     0  ffix.o(x$fpl$ffix)
    _ffix                                    0x08014875   Thumb Code    54  ffix.o(x$fpl$ffix)
    __aeabi_f2uiz                            0x080148ad   Thumb Code     0  ffixu.o(x$fpl$ffixu)
    _ffixu                                   0x080148ad   Thumb Code    62  ffixu.o(x$fpl$ffixu)
    __aeabi_i2f                              0x080148ed   Thumb Code     0  fflt_clz.o(x$fpl$fflt)
    _fflt                                    0x080148ed   Thumb Code    48  fflt_clz.o(x$fpl$fflt)
    __aeabi_ui2f                             0x0801491d   Thumb Code     0  fflt_clz.o(x$fpl$ffltu)
    _ffltu                                   0x0801491d   Thumb Code    38  fflt_clz.o(x$fpl$ffltu)
    __aeabi_cfcmple                          0x08014945   Thumb Code     0  fleqf.o(x$fpl$fleqf)
    _fcmple                                  0x08014945   Thumb Code   104  fleqf.o(x$fpl$fleqf)
    __fpl_fcmple_InfNaN                      0x08014997   Thumb Code     0  fleqf.o(x$fpl$fleqf)
    __aeabi_fmul                             0x080149ad   Thumb Code     0  fmul.o(x$fpl$fmul)
    _fmul                                    0x080149ad   Thumb Code   258  fmul.o(x$fpl$fmul)
    __fpl_fnaninf                            0x08014aaf   Thumb Code   140  fnaninf.o(x$fpl$fnaninf)
    __fpl_fretinf                            0x08014b3b   Thumb Code    10  fretinf.o(x$fpl$fretinf)
    __aeabi_cfrcmple                         0x08014b45   Thumb Code     0  frleqf.o(x$fpl$frleqf)
    _frcmple                                 0x08014b45   Thumb Code    98  frleqf.o(x$fpl$frleqf)
    __aeabi_frsub                            0x08014ba7   Thumb Code     0  faddsub_clz.o(x$fpl$frsb)
    _frsb                                    0x08014ba7   Thumb Code    20  faddsub_clz.o(x$fpl$frsb)
    __aeabi_fsub                             0x08014bbd   Thumb Code     0  faddsub_clz.o(x$fpl$fsub)
    _fsub                                    0x08014bbd   Thumb Code   234  faddsub_clz.o(x$fpl$fsub)
    _printf_fp_dec                           0x08014ca7   Thumb Code     4  printf1.o(x$fpl$printf1)
    __fpl_return_NaN                         0x08014cab   Thumb Code   100  retnan.o(x$fpl$retnan)
    __ARM_scalbn                             0x08014d0f   Thumb Code    92  scalbn.o(x$fpl$scalbn)
    _scanf_real                              0x08014d6b   Thumb Code     4  scanf1.o(x$fpl$scanf1)
    _scanf_hex_real                          0x08014d6f   Thumb Code     4  scanf2.o(x$fpl$scanf2)
    _scanf_infnan                            0x08014d73   Thumb Code     4  scanf2.o(x$fpl$scanf2)
    __fpl_cmpreturn                          0x08014d77   Thumb Code    48  trapv.o(x$fpl$trapveneer)
    __I$use$fp                               0x08014da6   Number         0  usenofp.o(x$fpl$usenofp)
    axis_codes                               0x08014dcf   Data           4  marlin_main.o(.constdata)
    table_week                               0x08014e04   Data          12  rtc.o(.constdata)
    mon_table                                0x08014e10   Data          12  rtc.o(.constdata)
    temptable_1                              0x08014e1c   Data         488  temperature.o(.constdata)
    FILE_TYPE_TBL                            0x08015004   Data         416  exfuns.o(.constdata)
    __mathlib_zero                           0x080156f0   Data           8  qnan.o(.constdata)
    Region$$Table$$Base                      0x08015f64   Number         0  anon$$obj.o(Region$$Table)
    Region$$Table$$Limit                     0x08015f84   Number         0  anon$$obj.o(Region$$Table)
    __aeabi_HUGE_VAL                         0x08015f84   Data           0  fpconst.o(c$$dinf)
    __aeabi_HUGE_VALL                        0x08015f84   Data           0  fpconst.o(c$$dinf)
    __aeabi_INFINITY                         0x08015f84   Data           0  fpconst.o(c$$dinf)
    __dInf                                   0x08015f84   Data           0  fpconst.o(c$$dinf)
    __huge_val                               0x08015f84   Data           0  fpconst.o(c$$dinf)
    __ctype                                  0x08015f99   Data           0  lc_ctype_c.o(locale$$data)
    homing_feedrate                          0x20000000   Data          16  marlin_main.o(.data)
    axis_relative_modes                      0x20000010   Data           4  marlin_main.o(.data)
    feedmultiply                             0x20000014   Data           4  marlin_main.o(.data)
    saved_feedmultiply                       0x20000018   Data           4  marlin_main.o(.data)
    extrudemultiply                          0x2000001c   Data           4  marlin_main.o(.data)
    max_pos                                  0x20000020   Data          12  marlin_main.o(.data)
    active_extruder                          0x20000044   Data           1  marlin_main.o(.data)
    fanSpeed                                 0x20000048   Data           4  marlin_main.o(.data)
    starttime                                0x2000009c   Data           4  marlin_main.o(.data)
    stoptime                                 0x200000a0   Data           4  marlin_main.o(.data)
    Stopped                                  0x200000a5   Data           1  marlin_main.o(.data)
    poweroff_flag                            0x200000a6   Data           1  marlin_main.o(.data)
    lcd_contiune_print_after_poweroff        0x200000ac   Data           1  marlin_main.o(.data)
    poweroff_sdpos                           0x200000b0   Data           4  marlin_main.o(.data)
    poweroff_position_z                      0x200000b4   Data           4  marlin_main.o(.data)
    autostart_stilltocheck                   0x200000b8   Data           1  cardreader.o(.data)
    autostart_atmillis                       0x200000b9   Data           1  cardreader.o(.data)
    SPI_FLASH_TYPE                           0x200000ba   Data           2  flash.o(.data)
    minsegmenttime                           0x200000c0   Data           4  planner.o(.data)
    minimumfeedrate                          0x200000c4   Data           4  planner.o(.data)
    acceleration                             0x200000c8   Data           4  planner.o(.data)
    retract_acceleration                     0x200000cc   Data           4  planner.o(.data)
    max_xy_jerk                              0x200000d0   Data           4  planner.o(.data)
    max_z_jerk                               0x200000d4   Data           4  planner.o(.data)
    max_e_jerk                               0x200000d8   Data           4  planner.o(.data)
    mintravelfeedrate                        0x200000dc   Data           4  planner.o(.data)
    autotemp_max                             0x200000e4   Data           4  planner.o(.data)
    autotemp_min                             0x200000e8   Data           4  planner.o(.data)
    autotemp_factor                          0x200000ec   Data           4  planner.o(.data)
    autotemp_enabled                         0x200000f0   Data           1  planner.o(.data)
    block_buffer_head                        0x200000f1   Data           1  planner.o(.data)
    block_buffer_tail                        0x200000f2   Data           1  planner.o(.data)
    allow_cold_extrude                       0x200000f3   Data           1  planner.o(.data)
    junction_deviation                       0x200000f4   Data           4  planner.o(.data)
    add_interrupt_time                       0x200000fc   Data           4  stepper.o(.data)
    current_block                            0x20000108   Data           4  stepper.o(.data)
    endstops_stepsTotal                      0x20000134   Data           4  stepper.o(.data)
    endstops_stepsDone                       0x20000138   Data           4  stepper.o(.data)
    count_direction                          0x20000146   Data           4  stepper.o(.data)
    target_temperature                       0x2000014c   Data           4  temperature.o(.data)
    target_temperature_bed                   0x20000150   Data           4  temperature.o(.data)
    current_temperature_raw                  0x20000154   Data           4  temperature.o(.data)
    current_temperature                      0x20000158   Data           4  temperature.o(.data)
    current_temperature_bed_raw              0x2000015c   Data           4  temperature.o(.data)
    current_temperature_bed                  0x20000160   Data           4  temperature.o(.data)
    Kp                                       0x20000164   Data           4  temperature.o(.data)
    Ki                                       0x20000168   Data           4  temperature.o(.data)
    Kd                                       0x2000016c   Data           4  temperature.o(.data)
    fanSpeedSoftPwm                          0x20000170   Data           1  temperature.o(.data)
    TransferError                            0x200001d2   Data           1  sdio_sdcard.o(.data)
    TransferEnd                              0x200001d3   Data           1  sdio_sdcard.o(.data)
    tempbuff                                 0x200001d4   Data           4  sdio_sdcard.o(.data)
    adress_table                             0x200001d9   Data          32  lcd12864.o(.data)
    zzz                                      0x200001fc   Data           4  lcd12864_menu.o(.data)
    totgconum                                0x20000200   Data           2  lcd12864_menu.o(.data)
    curindex                                 0x20000202   Data           2  lcd12864_menu.o(.data)
    lcdDisplayUpdate                         0x20000204   Data           1  lcd12864_menu.o(.data)
    temp_feedMultiply                        0x2000020c   Data           2  lcd12864_menu.o(.data)
    temp_e0TargetTemp                        0x2000020e   Data           2  lcd12864_menu.o(.data)
    differenceValue                          0x20000210   Data           1  lcd12864_menu.o(.data)
    CurrentMenu                              0x20000224   Data           4  lcd12864_menu.o(.data)
    MainMenu                                 0x20000228   Data         160  lcd12864_menu.o(.data)
    PrepareMenu                              0x200002c8   Data         160  lcd12864_menu.o(.data)
    ControlMenu                              0x20000368   Data         160  lcd12864_menu.o(.data)
    CardMenu                                 0x20000408   Data         160  lcd12864_menu.o(.data)
    TemperatureMenu                          0x200004a8   Data         160  lcd12864_menu.o(.data)
    MotionMenu                               0x20000548   Data         160  lcd12864_menu.o(.data)
    MoveAxisMenu                             0x200005e8   Data         160  lcd12864_menu.o(.data)
    StatusMenu                               0x20000688   Data         160  lcd12864_menu.o(.data)
    PrintingOptionsMenu                      0x20000728   Data         160  lcd12864_menu.o(.data)
    ChangeParameterMenu                      0x200007c8   Data         160  lcd12864_menu.o(.data)
    AdjustParameterMenu                      0x20000868   Data         160  lcd12864_menu.o(.data)
    PrintingFinishedMenu                     0x20000908   Data         160  lcd12864_menu.o(.data)
    YesOrNoMenu                              0x200009a8   Data         160  lcd12864_menu.o(.data)
    __stdout                                 0x20000a58   Data           4  usart.o(.data)
    SystemCurrentTime                        0x20000a5c   Data           4  timer.o(.data)
    keyPressed                               0x20000a60   Data           1  timer.o(.data)
    SystemCoreClock                          0x20000a78   Data           4  system_stm32f10x.o(.data)
    AHBPrescTable                            0x20000a7c   Data          16  system_stm32f10x.o(.data)
    mallco_dev                               0x20000a8c   Data          20  malloc.o(.data)
    fs                                       0x20000aa0   Data           8  exfuns.o(.data)
    file                                     0x20000aa8   Data           4  exfuns.o(.data)
    ftemp                                    0x20000aac   Data           4  exfuns.o(.data)
    br                                       0x20000ab0   Data           4  exfuns.o(.data)
    bw                                       0x20000ab4   Data           4  exfuns.o(.data)
    fatbuf                                   0x20000ab8   Data           4  exfuns.o(.data)
    FLASH_SECTOR_COUNT                       0x20000abc   Data           2  diskio.o(.data)
    current_position                         0x20000acc   Data          16  marlin_main.o(.bss)
    stop_position                            0x20000adc   Data          16  marlin_main.o(.bss)
    add_homeing                              0x20000aec   Data          12  marlin_main.o(.bss)
    min_pos                                  0x20000af8   Data          12  marlin_main.o(.bss)
    destination                              0x20000b04   Data          16  marlin_main.o(.bss)
    offset                                   0x20000b14   Data          12  marlin_main.o(.bss)
    poweroff_printing_filename               0x20000f20   Data          30  marlin_main.o(.bss)
    cmd_position_z                           0x20000f3e   Data          20  marlin_main.o(.bss)
    card                                     0x20000f54   Data         604  cardreader.o(.bss)
    SPI_FLASH_BUF                            0x200011b0   Data        4096  flash.o(.bss)
    calendar                                 0x200021b0   Data          10  rtc.o(.bss)
    max_feedrate                             0x200021bc   Data          16  planner.o(.bss)
    axis_steps_per_unit                      0x200021cc   Data          16  planner.o(.bss)
    max_acceleration_units_per_sq_second     0x200021dc   Data          16  planner.o(.bss)
    axis_steps_per_sqr_second                0x200021ec   Data          16  planner.o(.bss)
    position                                 0x200021fc   Data          16  planner.o(.bss)
    block_buffer                             0x2000221c   Data        2688  planner.o(.bss)
    endstops_trigsteps                       0x20002c9c   Data          12  stepper.o(.bss)
    count_position                           0x20002ca8   Data          16  stepper.o(.bss)
    SDIO_InitStructure                       0x20002cb8   Data          24  sdio_sdcard.o(.bss)
    SDIO_CmdInitStructure                    0x20002cd0   Data          20  sdio_sdcard.o(.bss)
    SDIO_DataInitStructure                   0x20002ce4   Data          24  sdio_sdcard.o(.bss)
    SDCardInfo                               0x20002d20   Data          88  sdio_sdcard.o(.bss)
    SDIO_DATA_BUFFER                         0x20002d78   Data         512  sdio_sdcard.o(.bss)
    temperature0                             0x20002f78   Data          30  lcd12864_menu.o(.bss)
    temperatureBed                           0x20002f96   Data          30  lcd12864_menu.o(.bss)
    percentDone                              0x20002fb4   Data          30  lcd12864_menu.o(.bss)
    consumingTime                            0x20002fd2   Data          30  lcd12864_menu.o(.bss)
    printingFilename                         0x20002ff0   Data          30  lcd12864_menu.o(.bss)
    cardFileList                             0x2000300e   Data        3000  lcd12864_menu.o(.bss)
    rx_buffer                                0x20003bc8   Data         136  usart.o(.bss)
    membase                                  0x20003c50   Data       35840  malloc.o(.bss)
    memmapbase                               0x2000c850   Data        2240  malloc.o(.bss)
    fileinfo                                 0x2000d110   Data          32  exfuns.o(.bss)
    dir                                      0x2000d130   Data          36  exfuns.o(.bss)
    ftinfo                                   0x2000d154   Data          33  fontupd.o(.bss)
    __libspace_start                         0x2000d178   Data          96  libspace.o(.bss)
    __temporary_stack_top$libspace           0x2000d1d8   Data           0  libspace.o(.bss)



==============================================================================

Memory Map of the image

  Image Entry point : 0x08000131

  Load Region LR_IROM1 (Base: 0x08000000, Size: 0x00016b84, Max: 0x00080000, ABSOLUTE, COMPRESSED[0x00016348])

    Execution Region ER_IROM1 (Base: 0x08000000, Size: 0x000160b8, Max: 0x00080000, ABSOLUTE)

    Base Addr    Size         Type   Attr      Idx    E Section Name        Object

    0x08000000   0x00000130   Data   RO         5579    RESET               startup_stm32f10x_hd.o
    0x08000130   0x00000008   Code   RO         6607  * !!!main             c_w.l(__main.o)
    0x08000138   0x00000034   Code   RO         7101    !!!scatter          c_w.l(__scatter.o)
    0x0800016c   0x0000005a   Code   RO         7099    !!dczerorl2         c_w.l(__dczerorl2.o)
    0x080001c6   0x00000002   PAD
    0x080001c8   0x0000001c   Code   RO         7103    !!handler_zi        c_w.l(__scatter_zi.o)
    0x080001e4   0x00000000   Code   RO         6584    .ARM.Collect$$_printf_percent$$00000000  c_w.l(_printf_percent.o)
    0x080001e4   0x00000006   Code   RO         6583    .ARM.Collect$$_printf_percent$$00000003  c_w.l(_printf_f.o)
    0x080001ea   0x00000006   Code   RO         6582    .ARM.Collect$$_printf_percent$$00000009  c_w.l(_printf_d.o)
    0x080001f0   0x00000006   Code   RO         6579    .ARM.Collect$$_printf_percent$$00000013  c_w.l(_printf_c.o)
    0x080001f6   0x00000006   Code   RO         6580    .ARM.Collect$$_printf_percent$$00000014  c_w.l(_printf_s.o)
    0x080001fc   0x00000004   Code   RO         6767    .ARM.Collect$$_printf_percent$$00000017  c_w.l(_printf_percent_end.o)
    0x08000200   0x00000002   Code   RO         6931    .ARM.Collect$$libinit$$00000000  c_w.l(libinit.o)
    0x08000202   0x00000000   Code   RO         6933    .ARM.Collect$$libinit$$00000002  c_w.l(libinit2.o)
    0x08000202   0x00000000   Code   RO         6935    .ARM.Collect$$libinit$$00000004  c_w.l(libinit2.o)
    0x08000202   0x00000000   Code   RO         6938    .ARM.Collect$$libinit$$0000000A  c_w.l(libinit2.o)
    0x08000202   0x00000000   Code   RO         6940    .ARM.Collect$$libinit$$0000000C  c_w.l(libinit2.o)
    0x08000202   0x00000000   Code   RO         6942    .ARM.Collect$$libinit$$0000000E  c_w.l(libinit2.o)
    0x08000202   0x00000006   Code   RO         6943    .ARM.Collect$$libinit$$0000000F  c_w.l(libinit2.o)
    0x08000208   0x00000000   Code   RO         6945    .ARM.Collect$$libinit$$00000011  c_w.l(libinit2.o)
    0x08000208   0x0000000c   Code   RO         6946    .ARM.Collect$$libinit$$00000012  c_w.l(libinit2.o)
    0x08000214   0x00000000   Code   RO         6947    .ARM.Collect$$libinit$$00000013  c_w.l(libinit2.o)
    0x08000214   0x00000000   Code   RO         6949    .ARM.Collect$$libinit$$00000015  c_w.l(libinit2.o)
    0x08000214   0x0000000a   Code   RO         6950    .ARM.Collect$$libinit$$00000016  c_w.l(libinit2.o)
    0x0800021e   0x00000000   Code   RO         6951    .ARM.Collect$$libinit$$00000017  c_w.l(libinit2.o)
    0x0800021e   0x00000000   Code   RO         6953    .ARM.Collect$$libinit$$00000019  c_w.l(libinit2.o)
    0x0800021e   0x00000000   Code   RO         6955    .ARM.Collect$$libinit$$0000001B  c_w.l(libinit2.o)
    0x0800021e   0x00000000   Code   RO         6957    .ARM.Collect$$libinit$$0000001D  c_w.l(libinit2.o)
    0x0800021e   0x00000000   Code   RO         6959    .ARM.Collect$$libinit$$0000001F  c_w.l(libinit2.o)
    0x0800021e   0x00000000   Code   RO         6961    .ARM.Collect$$libinit$$00000021  c_w.l(libinit2.o)
    0x0800021e   0x00000000   Code   RO         6963    .ARM.Collect$$libinit$$00000023  c_w.l(libinit2.o)
    0x0800021e   0x00000000   Code   RO         6965    .ARM.Collect$$libinit$$00000025  c_w.l(libinit2.o)
    0x0800021e   0x00000000   Code   RO         6969    .ARM.Collect$$libinit$$0000002C  c_w.l(libinit2.o)
    0x0800021e   0x00000000   Code   RO         6971    .ARM.Collect$$libinit$$0000002E  c_w.l(libinit2.o)
    0x0800021e   0x00000000   Code   RO         6973    .ARM.Collect$$libinit$$00000030  c_w.l(libinit2.o)
    0x0800021e   0x00000000   Code   RO         6975    .ARM.Collect$$libinit$$00000032  c_w.l(libinit2.o)
    0x0800021e   0x00000002   Code   RO         6976    .ARM.Collect$$libinit$$00000033  c_w.l(libinit2.o)
    0x08000220   0x00000002   Code   RO         7047    .ARM.Collect$$libshutdown$$00000000  c_w.l(libshutdown.o)
    0x08000222   0x00000000   Code   RO         7068    .ARM.Collect$$libshutdown$$00000002  c_w.l(libshutdown2.o)
    0x08000222   0x00000000   Code   RO         7070    .ARM.Collect$$libshutdown$$00000004  c_w.l(libshutdown2.o)
    0x08000222   0x00000000   Code   RO         7073    .ARM.Collect$$libshutdown$$00000007  c_w.l(libshutdown2.o)
    0x08000222   0x00000000   Code   RO         7076    .ARM.Collect$$libshutdown$$0000000A  c_w.l(libshutdown2.o)
    0x08000222   0x00000000   Code   RO         7078    .ARM.Collect$$libshutdown$$0000000C  c_w.l(libshutdown2.o)
    0x08000222   0x00000000   Code   RO         7081    .ARM.Collect$$libshutdown$$0000000F  c_w.l(libshutdown2.o)
    0x08000222   0x00000002   Code   RO         7082    .ARM.Collect$$libshutdown$$00000010  c_w.l(libshutdown2.o)
    0x08000224   0x00000000   Code   RO         6743    .ARM.Collect$$rtentry$$00000000  c_w.l(__rtentry.o)
    0x08000224   0x00000000   Code   RO         6840    .ARM.Collect$$rtentry$$00000002  c_w.l(__rtentry2.o)
    0x08000224   0x00000006   Code   RO         6852    .ARM.Collect$$rtentry$$00000004  c_w.l(__rtentry4.o)
    0x0800022a   0x00000000   Code   RO         6842    .ARM.Collect$$rtentry$$00000009  c_w.l(__rtentry2.o)
    0x0800022a   0x00000004   Code   RO         6843    .ARM.Collect$$rtentry$$0000000A  c_w.l(__rtentry2.o)
    0x0800022e   0x00000000   Code   RO         6845    .ARM.Collect$$rtentry$$0000000C  c_w.l(__rtentry2.o)
    0x0800022e   0x00000008   Code   RO         6846    .ARM.Collect$$rtentry$$0000000D  c_w.l(__rtentry2.o)
    0x08000236   0x00000002   Code   RO         6979    .ARM.Collect$$rtexit$$00000000  c_w.l(rtexit.o)
    0x08000238   0x00000000   Code   RO         7007    .ARM.Collect$$rtexit$$00000002  c_w.l(rtexit2.o)
    0x08000238   0x00000004   Code   RO         7008    .ARM.Collect$$rtexit$$00000003  c_w.l(rtexit2.o)
    0x0800023c   0x00000006   Code   RO         7009    .ARM.Collect$$rtexit$$00000004  c_w.l(rtexit2.o)
    0x08000242   0x00000002   PAD
    0x08000244   0x00000040   Code   RO         5580    .text               startup_stm32f10x_hd.o
    0x08000284   0x00000002   Code   RO         6518    .text               c_w.l(use_no_semi_2.o)
    0x08000286   0x00000048   Code   RO         6520    .text               c_w.l(llsdiv.o)
    0x080002ce   0x00000002   PAD
    0x080002d0   0x00000018   Code   RO         6526    .text               c_w.l(noretval__2printf.o)
    0x080002e8   0x00000028   Code   RO         6528    .text               c_w.l(noretval__2sprintf.o)
    0x08000310   0x0000004e   Code   RO         6532    .text               c_w.l(_printf_pad.o)
    0x0800035e   0x00000052   Code   RO         6534    .text               c_w.l(_printf_str.o)
    0x080003b0   0x00000078   Code   RO         6536    .text               c_w.l(_printf_dec.o)
    0x08000428   0x00000160   Code   RO         6574    .text               c_w.l(__printf_ss_wp.o)
    0x08000588   0x00000070   Code   RO         6585    .text               c_w.l(strtol.o)
    0x080005f8   0x00000014   Code   RO         6587    .text               c_w.l(strchr.o)
    0x0800060c   0x00000024   Code   RO         6589    .text               c_w.l(strstr.o)
    0x08000630   0x00000048   Code   RO         6591    .text               c_w.l(strcpy.o)
    0x08000678   0x0000003e   Code   RO         6593    .text               c_w.l(strlen.o)
    0x080006b6   0x00000096   Code   RO         6595    .text               c_w.l(strncmp.o)
    0x0800074c   0x00000018   Code   RO         6597    .text               c_w.l(strcat.o)
    0x08000764   0x0000008a   Code   RO         6599    .text               c_w.l(rt_memcpy_v6.o)
    0x080007ee   0x00000056   Code   RO         6601    .text               c_w.l(strncpy.o)
    0x08000844   0x00000080   Code   RO         6603    .text               c_w.l(strcmpv7m.o)
    0x080008c4   0x00000006   Code   RO         6605    .text               c_w.l(heapauxi.o)
    0x080008ca   0x00000002   Code   RO         6741    .text               c_w.l(use_no_semi.o)
    0x080008cc   0x00000010   Code   RO         6744    .text               c_w.l(rt_ctype_table.o)
    0x080008dc   0x00000008   Code   RO         6749    .text               c_w.l(rt_errno_addr_intlibspace.o)
    0x080008e4   0x000000ee   Code   RO         6751    .text               c_w.l(lludivv7m.o)
    0x080009d2   0x00000016   Code   RO         6753    .text               c_w.l(_rserrno.o)
    0x080009e8   0x000000b2   Code   RO         6755    .text               c_w.l(_printf_intcommon.o)
    0x08000a9a   0x0000041a   Code   RO         6757    .text               c_w.l(_printf_fp_dec.o)
    0x08000eb4   0x00000030   Code   RO         6759    .text               c_w.l(_printf_char_common.o)
    0x08000ee4   0x0000000a   Code   RO         6761    .text               c_w.l(_sputc.o)
    0x08000eee   0x0000002c   Code   RO         6763    .text               c_w.l(_printf_char.o)
    0x08000f1a   0x00000002   PAD
    0x08000f1c   0x00000024   Code   RO         6765    .text               c_w.l(_printf_char_file.o)
    0x08000f40   0x0000009e   Code   RO         6768    .text               c_w.l(_strtoul.o)
    0x08000fde   0x00000002   PAD
    0x08000fe0   0x000000a0   Code   RO         6770    .text               c_w.l(strtod.o)
    0x08001080   0x00000064   Code   RO         6772    .text               c_w.l(rt_memcpy_w.o)
    0x080010e4   0x00000044   Code   RO         6774    .text               c_w.l(rt_memclr.o)
    0x08001128   0x00000008   Code   RO         6836    .text               c_w.l(libspace.o)
    0x08001130   0x00000008   Code   RO         6861    .text               c_w.l(rt_locale_intlibspace.o)
    0x08001138   0x0000008a   Code   RO         6863    .text               c_w.l(lludiv10.o)
    0x080011c2   0x00000012   Code   RO         6865    .text               c_w.l(isspace.o)
    0x080011d4   0x00000080   Code   RO         6867    .text               c_w.l(_printf_fp_infnan.o)
    0x08001254   0x0000001c   Code   RO         6871    .text               c_w.l(_chval.o)
    0x08001270   0x00000040   Code   RO         6873    .text               c_w.l(_sgetc.o)
    0x080012b0   0x000000dc   Code   RO         6875    .text               c_w.l(bigflt0.o)
    0x0800138c   0x00000008   Code   RO         6900    .text               c_w.l(ferror.o)
    0x08001394   0x0000004e   Code   RO         6910    .text               c_w.l(rt_memclr_w.o)
    0x080013e2   0x0000004a   Code   RO         6918    .text               c_w.l(sys_stackheap_outer.o)
    0x0800142c   0x000004a4   Code   RO         6922    .text               c_w.l(scanf_fp.o)
    0x080018d0   0x00000012   Code   RO         6924    .text               c_w.l(exit.o)
    0x080018e2   0x00000002   PAD
    0x080018e4   0x00000320   Code   RO         7015    .text               c_w.l(scanf_hexfp.o)
    0x08001c04   0x00000134   Code   RO         7017    .text               c_w.l(scanf_infnan.o)
    0x08001d38   0x00000026   Code   RO         7035    .text               c_w.l(llshl.o)
    0x08001d5e   0x0000003e   Code   RO         6878    CL$$btod_d2e        c_w.l(btod.o)
    0x08001d9c   0x00000046   Code   RO         6880    CL$$btod_d2e_denorm_low  c_w.l(btod.o)
    0x08001de2   0x00000060   Code   RO         6879    CL$$btod_d2e_norm_op1  c_w.l(btod.o)
    0x08001e42   0x00000338   Code   RO         6888    CL$$btod_div_common  c_w.l(btod.o)
    0x0800217a   0x00000002   PAD
    0x0800217c   0x00000054   Code   RO         6886    CL$$btod_e2d        c_w.l(btod.o)
    0x080021d0   0x000000c6   Code   RO         6885    CL$$btod_e2e        c_w.l(btod.o)
    0x08002296   0x00000028   Code   RO         6882    CL$$btod_ediv       c_w.l(btod.o)
    0x080022be   0x00000028   Code   RO         6884    CL$$btod_edivd      c_w.l(btod.o)
    0x080022e6   0x00000028   Code   RO         6881    CL$$btod_emul       c_w.l(btod.o)
    0x0800230e   0x00000028   Code   RO         6883    CL$$btod_emuld      c_w.l(btod.o)
    0x08002336   0x00000244   Code   RO         6887    CL$$btod_mult_common  c_w.l(btod.o)
    0x0800257a   0x00000016   Code   RO         2608    i.ADC_Cmd           stm32f10x_adc.o
    0x08002590   0x0000005c   Code   RO         2610    i.ADC_DeInit        stm32f10x_adc.o
    0x080025ec   0x00000014   Code   RO         2616    i.ADC_GetCalibrationStatus  stm32f10x_adc.o
    0x08002600   0x00000008   Code   RO         2617    i.ADC_GetConversionValue  stm32f10x_adc.o
    0x08002608   0x00000012   Code   RO         2619    i.ADC_GetFlagStatus  stm32f10x_adc.o
    0x0800261a   0x00000014   Code   RO         2622    i.ADC_GetResetCalibrationStatus  stm32f10x_adc.o
    0x0800262e   0x00000002   PAD
    0x08002630   0x00000050   Code   RO         2626    i.ADC_Init          stm32f10x_adc.o
    0x08002680   0x000000b8   Code   RO         2630    i.ADC_RegularChannelConfig  stm32f10x_adc.o
    0x08002738   0x0000000a   Code   RO         2631    i.ADC_ResetCalibration  stm32f10x_adc.o
    0x08002742   0x00000016   Code   RO         2633    i.ADC_SoftwareStartConvCmd  stm32f10x_adc.o
    0x08002758   0x0000000a   Code   RO         2635    i.ADC_StartCalibration  stm32f10x_adc.o
    0x08002762   0x00000008   Code   RO          663    i.AT24CXX_Init      24cxx.o
    0x0800276a   0x00000002   PAD
    0x0800276c   0x0000008c   Code   RO         2277    i.Adc_Init          adc.o
    0x080027f8   0x00000034   Code   RO          644    i.BEEP_Init         beep.o
    0x0800282c   0x00000020   Code   RO          645    i.BEEP_Ring         beep.o
    0x0800284c   0x00000004   Code   RO          264    i.BusFault_Handler  stm32f10x_it.o
    0x08002850   0x00000040   Code   RO          327    i.ClearToSend       marlin_main.o
    0x08002890   0x00000030   Code   RO         1710    i.CmdError          sdio_sdcard.o
    0x080028c0   0x00000060   Code   RO         1711    i.CmdResp1Error     sdio_sdcard.o
    0x08002920   0x00000054   Code   RO         1712    i.CmdResp2Error     sdio_sdcard.o
    0x08002974   0x00000038   Code   RO         1713    i.CmdResp3Error     sdio_sdcard.o
    0x080029ac   0x00000090   Code   RO         1714    i.CmdResp6Error     sdio_sdcard.o
    0x08002a3c   0x0000004c   Code   RO         1715    i.CmdResp7Error     sdio_sdcard.o
    0x08002a88   0x00000414   Code   RO          473    i.Config_PrintSettings  configurationstore.o
    0x08002e9c   0x00000164   Code   RO          474    i.Config_ResetDefault  configurationstore.o
    0x08003000   0x0000018c   Code   RO          475    i.Config_RetrieveSettings  configurationstore.o
    0x0800318c   0x0000014c   Code   RO          476    i.Config_StoreSettings  configurationstore.o
    0x080032d8   0x00000018   Code   RO         3293    i.DMA_Cmd           stm32f10x_dma.o
    0x080032f0   0x0000014c   Code   RO         3294    i.DMA_DeInit        stm32f10x_dma.o
    0x0800343c   0x0000003c   Code   RO         3299    i.DMA_Init          stm32f10x_dma.o
    0x08003478   0x00000002   Code   RO          265    i.DebugMon_Handler  stm32f10x_it.o
    0x0800347a   0x00000002   PAD
    0x0800347c   0x00000024   Code   RO         2541    i.EXTI0_IRQHandler  exti.o
    0x080034a0   0x0000006c   Code   RO         2542    i.EXTIX_Init        exti.o
    0x0800350c   0x0000000c   Code   RO         3364    i.EXTI_ClearITPendingBit  stm32f10x_exti.o
    0x08003518   0x00000094   Code   RO         3369    i.EXTI_Init         stm32f10x_exti.o
    0x080035ac   0x00000194   Code   RO         1716    i.FindSCR           sdio_sdcard.o
    0x08003740   0x00000034   Code   RO          328    i.FlushSerialRequestResend  marlin_main.o
    0x08003774   0x00000040   Code   RO         3714    i.GPIO_EXTILineConfig  stm32f10x_gpio.o
    0x080037b4   0x00000116   Code   RO         3717    i.GPIO_Init         stm32f10x_gpio.o
    0x080038ca   0x00000004   Code   RO         3724    i.GPIO_ResetBits    stm32f10x_gpio.o
    0x080038ce   0x00000004   Code   RO         3725    i.GPIO_SetBits      stm32f10x_gpio.o
    0x080038d2   0x00000002   PAD
    0x080038d4   0x00000034   Code   RO         2278    i.Get_Adc           adc.o
    0x08003908   0x00000004   Code   RO          266    i.HardFault_Handler  stm32f10x_it.o
    0x0800390c   0x00000034   Code   RO         2422    i.IIC_Init          iic.o
    0x08003940   0x00000004   Code   RO         2217    i.INTX_DISABLE      sys.o
    0x08003944   0x00000004   Code   RO         2218    i.INTX_ENABLE       sys.o
    0x08003948   0x0000009c   Code   RO         1717    i.IsCardProgramming  sdio_sdcard.o
    0x080039e4   0x0000000c   Code   RO          329    i.IsStopped         marlin_main.o
    0x080039f0   0x0000003a   Code   RO          819    i.Is_Leap_Year      rtc.o
    0x08003a2a   0x00000002   PAD
    0x08003a2c   0x00000028   Code   RO         1910    i.KEY_Init          key.o
    0x08003a54   0x000000b8   Code   RO         1911    i.KEY_Scan          key.o
    0x08003b0c   0x00000040   Code   RO         1929    i.LCD12864_Clear    lcd12864.o
    0x08003b4c   0x00000090   Code   RO         1930    i.LCD12864_ClearGraphMemory  lcd12864.o
    0x08003bdc   0x000000cc   Code   RO         1931    i.LCD12864_HightlightShow  lcd12864.o
    0x08003ca8   0x00000038   Code   RO         1932    i.LCD12864_Init     lcd12864.o
    0x08003ce0   0x00000060   Code   RO         1935    i.LCD12864_ShowString  lcd12864.o
    0x08003d40   0x0000004c   Code   RO         1936    i.LCD12864_WriteByte  lcd12864.o
    0x08003d8c   0x00000040   Code   RO         1937    i.LCD12864_WriteCmd  lcd12864.o
    0x08003dcc   0x00000040   Code   RO         1938    i.LCD12864_WriteData  lcd12864.o
    0x08003e0c   0x0000003c   Code   RO          627    i.LED_Init          led.o
    0x08003e48   0x00000018   Code   RO         2301    i.MYSERIAL_available  usart.o
    0x08003e60   0x00000014   Code   RO         2302    i.MYSERIAL_flush    usart.o
    0x08003e74   0x00000038   Code   RO         2303    i.MYSERIAL_read     usart.o
    0x08003eac   0x00000004   Code   RO          267    i.MemManage_Handler  stm32f10x_it.o
    0x08003eb0   0x00000002   Code   RO          268    i.NMI_Handler       stm32f10x_it.o
    0x08003eb2   0x00000002   PAD
    0x08003eb4   0x00000070   Code   RO         2566    i.NVIC_Init         misc.o
    0x08003f24   0x00000014   Code   RO         2567    i.NVIC_PriorityGroupConfig  misc.o
    0x08003f38   0x000004f0   Code   RO         1219    i.PID_autotune      temperature.o
    0x08004428   0x00000002   Code   RO          269    i.PendSV_Handler    stm32f10x_it.o
    0x0800442a   0x00000002   PAD
    0x0800442c   0x00000018   Code   RO         4131    i.RCC_ADCCLKConfig  stm32f10x_rcc.o
    0x08004444   0x00000020   Code   RO         4132    i.RCC_AHBPeriphClockCmd  stm32f10x_rcc.o
    0x08004464   0x00000020   Code   RO         4133    i.RCC_APB1PeriphClockCmd  stm32f10x_rcc.o
    0x08004484   0x00000020   Code   RO         4134    i.RCC_APB1PeriphResetCmd  stm32f10x_rcc.o
    0x080044a4   0x00000020   Code   RO         4135    i.RCC_APB2PeriphClockCmd  stm32f10x_rcc.o
    0x080044c4   0x00000020   Code   RO         4136    i.RCC_APB2PeriphResetCmd  stm32f10x_rcc.o
    0x080044e4   0x000000d4   Code   RO         4143    i.RCC_GetClocksFreq  stm32f10x_rcc.o
    0x080045b8   0x00000010   Code   RO         4332    i.RTC_ClearITPendingBit  stm32f10x_rtc.o
    0x080045c8   0x00000100   Code   RO          820    i.RTC_Get           rtc.o
    0x080046c8   0x00000014   Code   RO         4335    i.RTC_GetCounter    stm32f10x_rtc.o
    0x080046dc   0x00000024   Code   RO         4338    i.RTC_GetITStatus   stm32f10x_rtc.o
    0x08004700   0x00000078   Code   RO          821    i.RTC_Get_Week      rtc.o
    0x08004778   0x00000028   Code   RO          822    i.RTC_IRQHandler    rtc.o
    0x080047a0   0x00000014   Code   RO         4343    i.RTC_WaitForLastTask  stm32f10x_rtc.o
    0x080047b4   0x000000ac   Code   RO         1718    i.SDEnWideBus       sdio_sdcard.o
    0x08004860   0x0000000c   Code   RO         4422    i.SDIO_ClearFlag    stm32f10x_sdio.o
    0x0800486c   0x0000000c   Code   RO         4424    i.SDIO_ClockCmd     stm32f10x_sdio.o
    0x08004878   0x00000014   Code   RO         1719    i.SDIO_Clock_Set    sdio_sdcard.o
    0x0800488c   0x0000000c   Code   RO         4427    i.SDIO_DMACmd       stm32f10x_sdio.o
    0x08004898   0x00000030   Code   RO         4428    i.SDIO_DataConfig   stm32f10x_sdio.o
    0x080048c8   0x00000024   Code   RO         4430    i.SDIO_DeInit       stm32f10x_sdio.o
    0x080048ec   0x00000018   Code   RO         4434    i.SDIO_GetFlagStatus  stm32f10x_sdio.o
    0x08004904   0x00000010   Code   RO         4436    i.SDIO_GetPowerState  stm32f10x_sdio.o
    0x08004914   0x00000008   Code   RO         1720    i.SDIO_IRQHandler   sdio_sdcard.o
    0x0800491c   0x00000030   Code   RO         4439    i.SDIO_Init         stm32f10x_sdio.o
    0x0800494c   0x0000000c   Code   RO         4440    i.SDIO_ReadData     stm32f10x_sdio.o
    0x08004958   0x0000002c   Code   RO         4442    i.SDIO_SendCommand  stm32f10x_sdio.o
    0x08004984   0x0000001c   Code   RO         4444    i.SDIO_SetPowerState  stm32f10x_sdio.o
    0x080049a0   0x0000000c   Code   RO         4450    i.SDIO_WriteData    stm32f10x_sdio.o
    0x080049ac   0x00000068   Code   RO         1721    i.SD_DMA_Config     sdio_sdcard.o
    0x08004a14   0x00000068   Code   RO         1722    i.SD_EnableWideBusOperation  sdio_sdcard.o
    0x08004a7c   0x00000314   Code   RO         1723    i.SD_GetCardInfo    sdio_sdcard.o
    0x08004d90   0x00000118   Code   RO         1725    i.SD_Init           sdio_sdcard.o
    0x08004ea8   0x00000154   Code   RO         1726    i.SD_InitializeCards  sdio_sdcard.o
    0x08004ffc   0x000001dc   Code   RO         1728    i.SD_PowerON        sdio_sdcard.o
    0x080051d8   0x0000013c   Code   RO         1729    i.SD_ProcessIRQSrc  sdio_sdcard.o
    0x08005314   0x00000258   Code   RO         1730    i.SD_ReadBlock      sdio_sdcard.o
    0x0800556c   0x00000098   Code   RO         1731    i.SD_ReadDisk       sdio_sdcard.o
    0x08005604   0x000002e8   Code   RO         1732    i.SD_ReadMultiBlocks  sdio_sdcard.o
    0x080058ec   0x00000030   Code   RO         1733    i.SD_SelectDeselect  sdio_sdcard.o
    0x0800591c   0x00000018   Code   RO         1735    i.SD_SetDeviceMode  sdio_sdcard.o
    0x08005934   0x00000374   Code   RO         1736    i.SD_WriteBlock     sdio_sdcard.o
    0x08005ca8   0x00000098   Code   RO         1737    i.SD_WriteDisk      sdio_sdcard.o
    0x08005d40   0x000003c0   Code   RO         1738    i.SD_WriteMultiBlocks  sdio_sdcard.o
    0x08006100   0x000000bc   Code   RO         2478    i.SPI2_Init         spi.o
    0x080061bc   0x00000054   Code   RO         2479    i.SPI2_ReadWriteByte  spi.o
    0x08006210   0x00000028   Code   RO         2480    i.SPI2_SetSpeed     spi.o
    0x08006238   0x00000018   Code   RO         4612    i.SPI_Cmd           stm32f10x_spi.o
    0x08006250   0x00000020   Code   RO          717    i.SPI_FLASH_Write_Enable  flash.o
    0x08006270   0x00000048   Code   RO          720    i.SPI_Flash_Erase_Sector  flash.o
    0x080062b8   0x0000004c   Code   RO          721    i.SPI_Flash_Init    flash.o
    0x08006304   0x00000050   Code   RO          723    i.SPI_Flash_Read    flash.o
    0x08006354   0x00000048   Code   RO          724    i.SPI_Flash_ReadID  flash.o
    0x0800639c   0x0000002c   Code   RO          725    i.SPI_Flash_ReadSR  flash.o
    0x080063c8   0x00000012   Code   RO          727    i.SPI_Flash_Wait_Busy  flash.o
    0x080063da   0x00000002   PAD
    0x080063dc   0x000000b4   Code   RO          728    i.SPI_Flash_Write   flash.o
    0x08006490   0x00000046   Code   RO          729    i.SPI_Flash_Write_NoCheck  flash.o
    0x080064d6   0x00000002   PAD
    0x080064d8   0x00000054   Code   RO          730    i.SPI_Flash_Write_Page  flash.o
    0x0800652c   0x00000012   Code   RO         4620    i.SPI_I2S_GetFlagStatus  stm32f10x_spi.o
    0x0800653e   0x00000006   Code   RO         4623    i.SPI_I2S_ReceiveData  stm32f10x_spi.o
    0x08006544   0x00000004   Code   RO         4624    i.SPI_I2S_SendData  stm32f10x_spi.o
    0x08006548   0x0000003c   Code   RO         4625    i.SPI_Init          stm32f10x_spi.o
    0x08006584   0x00000002   Code   RO          270    i.SVC_Handler       stm32f10x_it.o
    0x08006586   0x00000008   Code   RO         5543    i.SetSysClock       system_stm32f10x.o
    0x0800658e   0x00000002   PAD
    0x08006590   0x000000e0   Code   RO         5544    i.SetSysClockTo72   system_stm32f10x.o
    0x08006670   0x00000040   Code   RO          330    i.Stop              marlin_main.o
    0x080066b0   0x00000028   Code   RO         2570    i.SysTick_CLKSourceConfig  misc.o
    0x080066d8   0x00000002   Code   RO          271    i.SysTick_Handler   stm32f10x_it.o
    0x080066da   0x00000002   PAD
    0x080066dc   0x00000060   Code   RO         5546    i.SystemInit        system_stm32f10x.o
    0x0800673c   0x00000024   Code   RO         2373    i.TIM2_IRQHandler   timer.o
    0x08006760   0x0000005c   Code   RO         2374    i.TIM2_Int_Init     timer.o
    0x080067bc   0x00000028   Code   RO         2375    i.TIM3_IRQHandler   timer.o
    0x080067e4   0x00000060   Code   RO         2376    i.TIM3_Int_Init     timer.o
    0x08006844   0x00000670   Code   RO         1065    i.TIM4_IRQHandler   stepper.o
    0x08006eb4   0x00000060   Code   RO         2377    i.TIM4_Int_Init     timer.o
    0x08006f14   0x000001f0   Code   RO         1220    i.TIM5_IRQHandler   temperature.o
    0x08007104   0x00000060   Code   RO         2378    i.TIM5_Int_Init     timer.o
    0x08007164   0x00000006   Code   RO         4762    i.TIM_ClearITPendingBit  stm32f10x_tim.o
    0x0800716a   0x00000018   Code   RO         4767    i.TIM_Cmd           stm32f10x_tim.o
    0x08007182   0x00000022   Code   RO         4788    i.TIM_GetITStatus   stm32f10x_tim.o
    0x080071a4   0x00000012   Code   RO         4792    i.TIM_ITConfig      stm32f10x_tim.o
    0x080071b6   0x00000004   Code   RO         4826    i.TIM_SetAutoreload  stm32f10x_tim.o
    0x080071ba   0x00000002   PAD
    0x080071bc   0x000000a4   Code   RO         4838    i.TIM_TimeBaseInit  stm32f10x_tim.o
    0x08007260   0x00000024   Code   RO         2304    i.USART1_IRQHandler  usart.o
    0x08007284   0x00000018   Code   RO         5303    i.USART_Cmd         stm32f10x_usart.o
    0x0800729c   0x0000009c   Code   RO         5305    i.USART_DeInit      stm32f10x_usart.o
    0x08007338   0x0000001a   Code   RO         5306    i.USART_GetFlagStatus  stm32f10x_usart.o
    0x08007352   0x00000054   Code   RO         5307    i.USART_GetITStatus  stm32f10x_usart.o
    0x080073a6   0x0000004a   Code   RO         5309    i.USART_ITConfig    stm32f10x_usart.o
    0x080073f0   0x000000d8   Code   RO         5310    i.USART_Init        stm32f10x_usart.o
    0x080074c8   0x0000000a   Code   RO         5317    i.USART_ReceiveData  stm32f10x_usart.o
    0x080074d2   0x00000008   Code   RO         5320    i.USART_SendData    stm32f10x_usart.o
    0x080074da   0x00000004   Code   RO          272    i.UsageFault_Handler  stm32f10x_it.o
    0x080074de   0x00000028   Code   RO         6820    i.__ARM_fpclassify  m_ws.l(fpclassify.o)
    0x08007506   0x00000002   PAD
    0x08007508   0x00000388   Code   RO         6825    i.__ieee754_rem_pio2  m_ws.l(rred.o)
    0x08007890   0x000000fc   Code   RO         6803    i.__kernel_cos      m_ws.l(cos_i.o)
    0x0800798c   0x000000aa   Code   RO         6822    i.__kernel_poly     m_ws.l(poly.o)
    0x08007a36   0x00000002   PAD
    0x08007a38   0x000000ec   Code   RO         6830    i.__kernel_sin      m_ws.l(sin_i.o)
    0x08007b24   0x00000010   Code   RO         6806    i.__mathlib_dbl_divzero  m_ws.l(dunder.o)
    0x08007b34   0x00000006   Code   RO         6807    i.__mathlib_dbl_infnan  m_ws.l(dunder.o)
    0x08007b3a   0x00000004   Code   RO         6808    i.__mathlib_dbl_infnan2  m_ws.l(dunder.o)
    0x08007b3e   0x0000000c   Code   RO         6809    i.__mathlib_dbl_invalid  m_ws.l(dunder.o)
    0x08007b4a   0x0000000e   Code   RO         6810    i.__mathlib_dbl_overflow  m_ws.l(dunder.o)
    0x08007b58   0x00000010   Code   RO         6812    i.__mathlib_dbl_underflow  m_ws.l(dunder.o)
    0x08007b68   0x00000010   Code   RO         7000    i.__mathlib_narrow  m_ws.l(narrow.o)
    0x08007b78   0x00000088   Code   RO         7001    i.__mathlib_tofloat  m_ws.l(narrow.o)
    0x08007c00   0x00000016   Code   RO         7049    i.__support_ldexp   m_ws.l(ldexp.o)
    0x08007c16   0x0000000e   Code   RO         6569    i._is_digit         c_w.l(__printf_wp.o)
    0x08007c24   0x00000006   Code   RO         2305    i._sys_exit         usart.o
    0x08007c2a   0x00000002   PAD
    0x08007c2c   0x0000000c   Code   RO          910    i.allow_cold_extrudes  planner.o
    0x08007c38   0x00000104   Code   RO         1221    i.analog2temp       temperature.o
    0x08007d3c   0x000000a8   Code   RO         1222    i.analog2tempBed    temperature.o
    0x08007de4   0x00000220   Code   RO         6794    i.atan              m_ws.l(atan.o)
    0x08008004   0x00000180   Code   RO         6680    i.atan2             m_ws.l(atan2.o)
    0x08008184   0x0000003c   Code   RO         1223    i.autotempShutdown  temperature.o
    0x080081c0   0x00000064   Code   RO          331    i.axis_is_at_home   marlin_main.o
    0x08008224   0x00000068   Code   RO         1224    i.bed_max_temp_error  temperature.o
    0x0800828c   0x0000001c   Code   RO          911    i.blocks_queued     planner.o
    0x080082a8   0x00000080   Code   RO         1066    i.calc_timer        stepper.o
    0x08008328   0x00000166   Code   RO          912    i.calculate_trapezoid_for_block  planner.o
    0x0800848e   0x00000002   PAD
    0x08008490   0x00000054   Code   RO          505    i.card_checkautostart  cardreader.o
    0x080084e4   0x00000018   Code   RO          506    i.card_closefile    cardreader.o
    0x080084fc   0x00000018   Code   RO          507    i.card_eof          cardreader.o
    0x08008514   0x00000008   Code   RO          508    i.card_get          cardreader.o
    0x0800851c   0x00000070   Code   RO         1998    i.card_getFileNum   lcd12864_menu.o
    0x0800858c   0x0000006c   Code   RO          509    i.card_getStatus    cardreader.o
    0x080085f8   0x00000068   Code   RO          510    i.card_initsd       cardreader.o
    0x08008660   0x00000028   Code   RO          511    i.card_ls           cardreader.o
    0x08008688   0x00000140   Code   RO          512    i.card_openFile     cardreader.o
    0x080087c8   0x00000014   Code   RO          513    i.card_pauseSDPrint  cardreader.o
    0x080087dc   0x00000034   Code   RO          514    i.card_percentDone  cardreader.o
    0x08008810   0x00000038   Code   RO          515    i.card_printingHasFinished  cardreader.o
    0x08008848   0x00000148   Code   RO         1999    i.card_readFileListInfo  lcd12864_menu.o
    0x08008990   0x00000010   Code   RO          516    i.card_release      cardreader.o
    0x080089a0   0x0000005c   Code   RO          517    i.card_removeFile   cardreader.o
    0x080089fc   0x00000014   Code   RO          518    i.card_setIndex     cardreader.o
    0x08008a10   0x00000014   Code   RO          519    i.card_startFileprint  cardreader.o
    0x08008a24   0x00000002   Code   RO          520    i.card_write_command  cardreader.o
    0x08008a26   0x00000002   PAD
    0x08008a28   0x000000dc   Code   RO         6688    i.ceil              m_ws.l(ceil.o)
    0x08008b04   0x0000001a   Code   RO         5652    i.char_upper        exfuns.o
    0x08008b1e   0x00000002   PAD
    0x08008b20   0x00000108   Code   RO         1067    i.checkHitEndstops  stepper.o
    0x08008c28   0x00000090   Code   RO          913    i.check_axes_activity  planner.o
    0x08008cb8   0x00000090   Code   RO         5797    i.check_fs          ff.o
    0x08008d48   0x00000014   Code   RO         5798    i.chk_chr           ff.o
    0x08008d5c   0x0000007c   Code   RO          332    i.clamp_to_software_endstops  marlin_main.o
    0x08008dd8   0x00000032   Code   RO         5799    i.clmt_clust        ff.o
    0x08008e0a   0x0000001a   Code   RO         5800    i.clust2sect        ff.o
    0x08008e24   0x00000090   Code   RO         5801    i.cmp_lfn           ff.o
    0x08008eb4   0x00000034   Code   RO          333    i.code_seen         marlin_main.o
    0x08008ee8   0x00000038   Code   RO          334    i.code_value        marlin_main.o
    0x08008f20   0x00000034   Code   RO          335    i.code_value_long   marlin_main.o
    0x08008f54   0x00000012   Code   RO         1739    i.convert_from_bytes_to_power_of_two  sdio_sdcard.o
    0x08008f66   0x00000002   PAD
    0x08008f68   0x0000009c   Code   RO         6692    i.cos               m_ws.l(cos.o)
    0x08009004   0x000000d6   Code   RO         5802    i.create_chain      ff.o
    0x080090da   0x00000002   PAD
    0x080090dc   0x00000270   Code   RO         5803    i.create_name       ff.o
    0x0800934c   0x0000000c   Code   RO         1225    i.degBed            temperature.o
    0x08009358   0x00000010   Code   RO         1226    i.degHotend         temperature.o
    0x08009368   0x00000010   Code   RO         1227    i.degTargetBed      temperature.o
    0x08009378   0x00000014   Code   RO         1228    i.degTargetHotend   temperature.o
    0x0800938c   0x00000044   Code   RO         2251    i.delay_init        delay.o
    0x080093d0   0x0000004c   Code   RO         2252    i.delay_ms          delay.o
    0x0800941c   0x0000004c   Code   RO         2253    i.delay_us          delay.o
    0x08009468   0x00000002   Code   RO         1068    i.digipot_current   stepper.o
    0x0800946a   0x0000005c   Code   RO         5804    i.dir_alloc         ff.o
    0x080094c6   0x000000de   Code   RO         5805    i.dir_find          ff.o
    0x080095a4   0x00000110   Code   RO         5806    i.dir_next          ff.o
    0x080096b4   0x000000c4   Code   RO         5807    i.dir_read          ff.o
    0x08009778   0x0000012a   Code   RO         5808    i.dir_register      ff.o
    0x080098a2   0x0000006a   Code   RO         5809    i.dir_remove        ff.o
    0x0800990c   0x0000009e   Code   RO         5810    i.dir_sdi           ff.o
    0x080099aa   0x00000002   PAD
    0x080099ac   0x0000005c   Code   RO         1229    i.disable_heater    temperature.o
    0x08009a08   0x00000050   Code   RO         5737    i.disk_initialize   diskio.o
    0x08009a58   0x000000b4   Code   RO         5738    i.disk_ioctl        diskio.o
    0x08009b0c   0x0000007a   Code   RO         5739    i.disk_read         diskio.o
    0x08009b86   0x00000006   Code   RO         5740    i.disk_status       diskio.o
    0x08009b8c   0x0000007a   Code   RO         5741    i.disk_write        diskio.o
    0x08009c06   0x00000002   PAD
    0x08009c08   0x0000000c   Code   RO         1071    i.enable_endstops   stepper.o
    0x08009c14   0x0000001c   Code   RO         1072    i.endstops_hit_on_purpose  stepper.o
    0x08009c30   0x00000078   Code   RO          336    i.enquecommand      marlin_main.o
    0x08009ca8   0x00000066   Code   RO          914    i.estimate_acceleration_distance  planner.o
    0x08009d0e   0x00000002   PAD
    0x08009d10   0x00000074   Code   RO         5658    i.exfuns_init       exfuns.o
    0x08009d84   0x00000020   Code   RO         5812    i.f_close           ff.o
    0x08009da4   0x0000028e   Code   RO         5817    i.f_lseek           ff.o
    0x0800a032   0x00000002   PAD
    0x0800a034   0x0000005c   Code   RO         5820    i.f_mount           ff.o
    0x0800a090   0x00000180   Code   RO         5821    i.f_open            ff.o
    0x0800a210   0x00000088   Code   RO         5822    i.f_opendir         ff.o
    0x0800a298   0x000001b0   Code   RO         5826    i.f_read            ff.o
    0x0800a448   0x00000072   Code   RO         5827    i.f_readdir         ff.o
    0x0800a4ba   0x000000b0   Code   RO         5831    i.f_sync            ff.o
    0x0800a56a   0x00000002   PAD
    0x0800a56c   0x000000c0   Code   RO         5659    i.f_typetell        exfuns.o
    0x0800a62c   0x000000c2   Code   RO         5833    i.f_unlink          ff.o
    0x0800a6ee   0x00000002   PAD
    0x0800a6f0   0x00000098   Code   RO         5718    i.ff_convert        mycc936.o
    0x0800a788   0x0000000c   Code   RO         5742    i.ff_memalloc       diskio.o
    0x0800a794   0x0000000c   Code   RO         5743    i.ff_memfree        diskio.o
    0x0800a7a0   0x00000038   Code   RO         5719    i.ff_wtoupper       mycc936.o
    0x0800a7d8   0x00000028   Code   RO          521    i.file_read         cardreader.o
    0x0800a800   0x00000388   Code   RO         5836    i.find_volume       ff.o
    0x0800ab88   0x00000030   Code   RO         1073    i.finishAndDisableSteppers  stepper.o
    0x0800abb8   0x00000080   Code   RO         5837    i.fit_lfn           ff.o
    0x0800ac38   0x000000dc   Code   RO         6700    i.floor             m_ws.l(floor.o)
    0x0800ad14   0x00000090   Code   RO         5838    i.follow_path       ff.o
    0x0800ada4   0x00000024   Code   RO         2307    i.fputc             usart.o
    0x0800adc8   0x00000058   Code   RO         7028    i.frexp             m_ws.l(frexp.o)
    0x0800ae20   0x00000080   Code   RO          522    i.gcode_ls          cardreader.o
    0x0800aea0   0x000000c8   Code   RO         5839    i.gen_numname       ff.o
    0x0800af68   0x0000001c   Code   RO         1230    i.getHeaterPower    temperature.o
    0x0800af84   0x00000190   Code   RO          915    i.getHighESpeed     planner.o
    0x0800b114   0x0000003c   Code   RO          337    i.get_arc_coordinates  marlin_main.o
    0x0800b150   0x000007bc   Code   RO          338    i.get_command       marlin_main.o
    0x0800b90c   0x000000b4   Code   RO          339    i.get_coordinates   marlin_main.o
    0x0800b9c0   0x000000e8   Code   RO         5840    i.get_fat           ff.o
    0x0800baa8   0x00000004   Code   RO         5744    i.get_fattime       diskio.o
    0x0800baac   0x0000010c   Code   RO         5841    i.get_fileinfo      ff.o
    0x0800bbb8   0x0000004a   Code   RO         5842    i.get_ldnumber      ff.o
    0x0800bc02   0x00000002   PAD
    0x0800bc04   0x000001b8   Code   RO          340    i.homeaxis          marlin_main.o
    0x0800bdbc   0x00000290   Code   RO         6704    i.hypot             m_ws.l(hypot.o)
    0x0800c04c   0x000000b4   Code   RO          916    i.intersection_distance  planner.o
    0x0800c100   0x00000028   Code   RO         1233    i.isHeatingBed      temperature.o
    0x0800c128   0x00000030   Code   RO         1234    i.isHeatingHotend   temperature.o
    0x0800c158   0x00000068   Code   RO          341    i.kill              marlin_main.o
    0x0800c1c0   0x00000010   Code   RO         2000    i.lcd_autoHome      lcd12864_menu.o
    0x0800c1d0   0x0000003c   Code   RO         2001    i.lcd_backMainMenu  lcd12864_menu.o
    0x0800c20c   0x00000074   Code   RO         2002    i.lcd_cardInsertOrNot  lcd12864_menu.o
    0x0800c280   0x00000070   Code   RO         2003    i.lcd_cardPrinting  lcd12864_menu.o
    0x0800c2f0   0x00000014   Code   RO         2004    i.lcd_changePrintingFilament  lcd12864_menu.o
    0x0800c304   0x000000a0   Code   RO         2005    i.lcd_changePrintingSpeed  lcd12864_menu.o
    0x0800c3a4   0x000000a0   Code   RO         2006    i.lcd_changePrintingTemp  lcd12864_menu.o
    0x0800c444   0x00000008   Code   RO         2007    i.lcd_configResetDefault  lcd12864_menu.o
    0x0800c44c   0x00000010   Code   RO         2008    i.lcd_disableStepper  lcd12864_menu.o
    0x0800c45c   0x00000314   Code   RO         2009    i.lcd_displayUpdate_MoveAxisMenu  lcd12864_menu.o
    0x0800c770   0x00000178   Code   RO         2010    i.lcd_displayUpdate_YesOrNotMenu  lcd12864_menu.o
    0x0800c8e8   0x000003bc   Code   RO         2011    i.lcd_displayUpdate_adjustParameterMenu  lcd12864_menu.o
    0x0800cca4   0x00000308   Code   RO         2012    i.lcd_displayUpdate_cardMenu  lcd12864_menu.o
    0x0800cfac   0x0000014c   Code   RO         2013    i.lcd_displayUpdate_changeParameterMenu_speed  lcd12864_menu.o
    0x0800d0f8   0x000001e8   Code   RO         2014    i.lcd_displayUpdate_changeParameterMenu_temp  lcd12864_menu.o
    0x0800d2e0   0x00000234   Code   RO         2015    i.lcd_displayUpdate_general  lcd12864_menu.o
    0x0800d514   0x00000088   Code   RO         2016    i.lcd_displayUpdate_printingFinishedMenu  lcd12864_menu.o
    0x0800d59c   0x0000019c   Code   RO         2017    i.lcd_displayUpdate_statusMenu  lcd12864_menu.o
    0x0800d738   0x00000830   Code   RO         2018    i.lcd_menuInit      lcd12864_menu.o
    0x0800df68   0x0000005c   Code   RO         2019    i.lcd_noCard        lcd12864_menu.o
    0x0800dfc4   0x00000040   Code   RO         2020    i.lcd_poweroff_recoverPrinting  lcd12864_menu.o
    0x0800e004   0x000000e8   Code   RO         2021    i.lcd_poweroff_recoverPrintingOrNot  lcd12864_menu.o
    0x0800e0ec   0x0000006c   Code   RO         2022    i.lcd_poweroff_stopPrinting  lcd12864_menu.o
    0x0800e158   0x0000007c   Code   RO         2023    i.lcd_printingPauseOrContinue  lcd12864_menu.o
    0x0800e1d4   0x00000084   Code   RO         2025    i.lcd_stopPrinting  lcd12864_menu.o
    0x0800e258   0x00000098   Code   RO         2026    i.lcd_stopPrintingOrNot  lcd12864_menu.o
    0x0800e2f0   0x00000060   Code   RO         2027    i.lcd_update        lcd12864_menu.o
    0x0800e350   0x00000020   Code   RO         5843    i.ld_clust          ff.o
    0x0800e370   0x00000074   Code   RO         7050    i.ldexp             m_ws.l(ldexp.o)
    0x0800e3e4   0x000000dc   Code   RO          342    i.loop              marlin_main.o
    0x0800e4c0   0x00000070   Code   RO            1    i.main              main.o
    0x0800e530   0x00000318   Code   RO         1235    i.manage_heater     temperature.o
    0x0800e848   0x0000007c   Code   RO          343    i.manage_inactivity  marlin_main.o
    0x0800e8c4   0x00000044   Code   RO          917    i.max_allowable_speed  planner.o
    0x0800e908   0x00000064   Code   RO         1236    i.max_temp_error    temperature.o
    0x0800e96c   0x0000041c   Code   RO         1207    i.mc_arc            motion_control.o
    0x0800ed88   0x00000026   Code   RO         5844    i.mem_cmp           ff.o
    0x0800edae   0x0000001a   Code   RO         5845    i.mem_cpy           ff.o
    0x0800edc8   0x00000048   Code   RO         5584    i.mem_free          malloc.o
    0x0800ee10   0x0000002c   Code   RO         5585    i.mem_init          malloc.o
    0x0800ee3c   0x00000078   Code   RO         5586    i.mem_malloc        malloc.o
    0x0800eeb4   0x00000030   Code   RO         5587    i.mem_perused       malloc.o
    0x0800eee4   0x00000014   Code   RO         5846    i.mem_set           ff.o
    0x0800eef8   0x00000002   Code   RO         1075    i.microstep_mode    stepper.o
    0x0800eefa   0x00000002   Code   RO         1076    i.microstep_ms      stepper.o
    0x0800eefc   0x0000008c   Code   RO         1077    i.microstep_readings  stepper.o
    0x0800ef88   0x00000064   Code   RO         1237    i.min_temp_error    temperature.o
    0x0800efec   0x00000032   Code   RO         5847    i.move_window       ff.o
    0x0800f01e   0x00000002   PAD
    0x0800f020   0x0000001c   Code   RO         5588    i.myfree            malloc.o
    0x0800f03c   0x00000020   Code   RO         5589    i.mymalloc          malloc.o
    0x0800f05c   0x00000014   Code   RO         5591    i.mymemset          malloc.o
    0x0800f070   0x0000000c   Code   RO          919    i.next_block_index  planner.o
    0x0800f07c   0x00000074   Code   RO         5848    i.pick_lfn          ff.o
    0x0800f0f0   0x0000100c   Code   RO          920    i.plan_buffer_line  planner.o
    0x080100fc   0x00000024   Code   RO          921    i.plan_discard_current_block  planner.o
    0x08010120   0x00000038   Code   RO          922    i.plan_get_current_block  planner.o
    0x08010158   0x0000003c   Code   RO          923    i.plan_init         planner.o
    0x08010194   0x00000078   Code   RO          924    i.plan_set_e_position  planner.o
    0x0801020c   0x000001ac   Code   RO          925    i.plan_set_position  planner.o
    0x080103b8   0x00000058   Code   RO          926    i.planner_forward_pass  planner.o
    0x08010410   0x0000008c   Code   RO          927    i.planner_forward_pass_kernel  planner.o
    0x0801049c   0x00000010   Code   RO          928    i.planner_recalculate  planner.o
    0x080104ac   0x000000b8   Code   RO          929    i.planner_recalculate_trapezoids  planner.o
    0x08010564   0x0000006c   Code   RO          930    i.planner_reverse_pass  planner.o
    0x080105d0   0x0000006c   Code   RO          931    i.planner_reverse_pass_kernel  planner.o
    0x0801063c   0x000009d8   Code   RO         6712    i.pow               m_ws.l(pow.o)
    0x08011014   0x000000d4   Code   RO          344    i.prepare_arc_move  marlin_main.o
    0x080110e8   0x000000dc   Code   RO          345    i.prepare_move      marlin_main.o
    0x080111c4   0x0000000a   Code   RO          932    i.prev_block_index  planner.o
    0x080111ce   0x00000002   PAD
    0x080111d0   0x00001a5c   Code   RO          346    i.process_commands  marlin_main.o
    0x08012c2c   0x00000136   Code   RO         5849    i.put_fat           ff.o
    0x08012d62   0x00000002   PAD
    0x08012d64   0x00000034   Code   RO         1078    i.quickStop         stepper.o
    0x08012d98   0x0000006c   Code   RO         5851    i.remove_chain      ff.o
    0x08012e04   0x00000040   Code   RO          933    i.reset_acceleration_rates  planner.o
    0x08012e44   0x00000028   Code   RO         1238    i.scalePID_d        temperature.o
    0x08012e6c   0x00000028   Code   RO         1239    i.scalePID_i        temperature.o
    0x08012e94   0x0000002c   Code   RO         1240    i.setTargetBed      temperature.o
    0x08012ec0   0x00000034   Code   RO         1241    i.setTargetHotend   temperature.o
    0x08012ef4   0x000000ec   Code   RO          347    i.setTargetedHotend  marlin_main.o
    0x08012fe0   0x00000002   Code   RO         1242    i.setWatch          temperature.o
    0x08012fe2   0x0000001c   Code   RO          348    i.setup             marlin_main.o
    0x08012ffe   0x00000002   PAD
    0x08013000   0x000000a0   Code   RO         6722    i.sin               m_ws.l(sin.o)
    0x080130a0   0x0000004c   Code   RO         6730    i.sqrt              m_ws.l(sqrt.o)
    0x080130ec   0x00000010   Code   RO         5852    i.st_clust          ff.o
    0x080130fc   0x00000014   Code   RO         1079    i.st_get_position   stepper.o
    0x08013110   0x00000130   Code   RO         1080    i.st_init           stepper.o
    0x08013240   0x00000010   Code   RO         1081    i.st_set_e_position  stepper.o
    0x08013250   0x00000018   Code   RO         1082    i.st_set_position   stepper.o
    0x08013268   0x0000001a   Code   RO         1083    i.st_synchronize    stepper.o
    0x08013282   0x00000002   PAD
    0x08013284   0x00000014   Code   RO         1084    i.st_wake_up        stepper.o
    0x08013298   0x0000002c   Code   RO         2308    i.store_char        usart.o
    0x080132c4   0x0000001c   Code   RO         6738    i.strtod            m_ws.l(strtod.o)
    0x080132e0   0x00000020   Code   RO         5853    i.sum_sfn           ff.o
    0x08013300   0x000000c8   Code   RO         5854    i.sync_fs           ff.o
    0x080133c8   0x0000004c   Code   RO         5855    i.sync_window       ff.o
    0x08013414   0x00000138   Code   RO         1243    i.tp_init           temperature.o
    0x0801354c   0x000000ec   Code   RO         1086    i.trapezoid_generator_reset  stepper.o
    0x08013638   0x000000a8   Code   RO         2309    i.uart1_init        usart.o
    0x080136e0   0x00000028   Code   RO         1244    i.unscalePID_d      temperature.o
    0x08013708   0x00000028   Code   RO         1245    i.unscalePID_i      temperature.o
    0x08013730   0x0000002c   Code   RO         1246    i.updatePID         temperature.o
    0x0801375c   0x0000004c   Code   RO         1247    i.updateTemperaturesFromRawValues  temperature.o
    0x080137a8   0x00000036   Code   RO         5856    i.validate          ff.o
    0x080137de   0x00000002   PAD
    0x080137e0   0x00000070   Code   RO         2028    i.welcome_screen    lcd12864_menu.o
    0x08013850   0x0000002c   Code   RO         6905    locale$$code        c_w.l(lc_ctype_c.o)
    0x0801387c   0x0000002c   Code   RO         6908    locale$$code        c_w.l(lc_numeric_c.o)
    0x080138a8   0x00000062   Code   RO         6609    x$fpl$d2f           fz_ws.l(d2f.o)
    0x0801390a   0x00000002   PAD
    0x0801390c   0x00000150   Code   RO         6611    x$fpl$dadd          fz_ws.l(daddsub_clz.o)
    0x08013a5c   0x00000010   Code   RO         6912    x$fpl$dcheck1       fz_ws.l(dcheck1.o)
    0x08013a6c   0x00000018   Code   RO         6776    x$fpl$dcmpinf       fz_ws.l(dcmpi.o)
    0x08013a84   0x000002b0   Code   RO         6618    x$fpl$ddiv          fz_ws.l(ddiv.o)
    0x08013d34   0x00000078   Code   RO         6621    x$fpl$deqf          fz_ws.l(deqf.o)
    0x08013dac   0x0000005e   Code   RO         6623    x$fpl$dfix          fz_ws.l(dfix.o)
    0x08013e0a   0x00000002   PAD
    0x08013e0c   0x0000005a   Code   RO         6627    x$fpl$dfixu         fz_ws.l(dfixu.o)
    0x08013e66   0x0000002e   Code   RO         6632    x$fpl$dflt          fz_ws.l(dflt_clz.o)
    0x08013e94   0x00000026   Code   RO         6631    x$fpl$dfltu         fz_ws.l(dflt_clz.o)
    0x08013eba   0x00000002   PAD
    0x08013ebc   0x00000078   Code   RO         6637    x$fpl$dleqf         fz_ws.l(dleqf.o)
    0x08013f34   0x00000154   Code   RO         6639    x$fpl$dmul          fz_ws.l(dmul.o)
    0x08014088   0x0000009c   Code   RO         6778    x$fpl$dnaninf       fz_ws.l(dnaninf.o)
    0x08014124   0x0000000c   Code   RO         6780    x$fpl$dretinf       fz_ws.l(dretinf.o)
    0x08014130   0x0000006c   Code   RO         6641    x$fpl$drleqf        fz_ws.l(drleqf.o)
    0x0801419c   0x00000016   Code   RO         6612    x$fpl$drsb          fz_ws.l(daddsub_clz.o)
    0x080141b2   0x00000002   PAD
    0x080141b4   0x000001cc   Code   RO         6782    x$fpl$dsqrt         fz_ws.l(dsqrt_noumaal.o)
    0x08014380   0x000001d4   Code   RO         6613    x$fpl$dsub          fz_ws.l(daddsub_clz.o)
    0x08014554   0x00000056   Code   RO         6643    x$fpl$f2d           fz_ws.l(f2d.o)
    0x080145aa   0x00000002   PAD
    0x080145ac   0x000000c4   Code   RO         6645    x$fpl$fadd          fz_ws.l(faddsub_clz.o)
    0x08014670   0x00000018   Code   RO         6784    x$fpl$fcmpinf       fz_ws.l(fcmpi.o)
    0x08014688   0x00000184   Code   RO         6652    x$fpl$fdiv          fz_ws.l(fdiv.o)
    0x0801480c   0x00000068   Code   RO         6655    x$fpl$feqf          fz_ws.l(feqf.o)
    0x08014874   0x00000036   Code   RO         6657    x$fpl$ffix          fz_ws.l(ffix.o)
    0x080148aa   0x00000002   PAD
    0x080148ac   0x0000003e   Code   RO         6661    x$fpl$ffixu         fz_ws.l(ffixu.o)
    0x080148ea   0x00000002   PAD
    0x080148ec   0x00000030   Code   RO         6666    x$fpl$fflt          fz_ws.l(fflt_clz.o)
    0x0801491c   0x00000026   Code   RO         6665    x$fpl$ffltu         fz_ws.l(fflt_clz.o)
    0x08014942   0x00000002   PAD
    0x08014944   0x00000068   Code   RO         6671    x$fpl$fleqf         fz_ws.l(fleqf.o)
    0x080149ac   0x00000102   Code   RO         6673    x$fpl$fmul          fz_ws.l(fmul.o)
    0x08014aae   0x0000008c   Code   RO         6786    x$fpl$fnaninf       fz_ws.l(fnaninf.o)
    0x08014b3a   0x0000000a   Code   RO         6788    x$fpl$fretinf       fz_ws.l(fretinf.o)
    0x08014b44   0x00000062   Code   RO         6675    x$fpl$frleqf        fz_ws.l(frleqf.o)
    0x08014ba6   0x00000014   Code   RO         6646    x$fpl$frsb          fz_ws.l(faddsub_clz.o)
    0x08014bba   0x00000002   PAD
    0x08014bbc   0x000000ea   Code   RO         6647    x$fpl$fsub          fz_ws.l(faddsub_clz.o)
    0x08014ca6   0x00000004   Code   RO         6677    x$fpl$printf1       fz_ws.l(printf1.o)
    0x08014caa   0x00000064   Code   RO         6977    x$fpl$retnan        fz_ws.l(retnan.o)
    0x08014d0e   0x0000005c   Code   RO         6790    x$fpl$scalbn        fz_ws.l(scalbn.o)
    0x08014d6a   0x00000004   Code   RO         6916    x$fpl$scanf1        fz_ws.l(scanf1.o)
    0x08014d6e   0x00000008   Code   RO         6992    x$fpl$scanf2        fz_ws.l(scanf2.o)
    0x08014d76   0x00000030   Code   RO         6998    x$fpl$trapveneer    fz_ws.l(trapv.o)
    0x08014da6   0x00000000   Code   RO         6792    x$fpl$usenofp       fz_ws.l(usenofp.o)
    0x08014da6   0x00000002   PAD
    0x08014da8   0x0000002b   Data   RO          350    .constdata          marlin_main.o
    0x08014dd3   0x00000001   PAD
    0x08014dd4   0x00000030   Data   RO          477    .constdata          configurationstore.o
    0x08014e04   0x00000018   Data   RO          827    .constdata          rtc.o
    0x08014e1c   0x000001e8   Data   RO         1248    .constdata          temperature.o
    0x08015004   0x000001a0   Data   RO         5661    .constdata          exfuns.o
    0x080151a4   0x000003c0   Data   RO         5720    .constdata          mycc936.o
    0x08015564   0x0000003a   Data   RO         5857    .constdata          ff.o
    0x0801559e   0x00000002   PAD
    0x080155a0   0x00000088   Data   RO         6713    .constdata          m_ws.l(pow.o)
    0x08015628   0x00000098   Data   RO         6795    .constdata          m_ws.l(atan.o)
    0x080156c0   0x00000030   Data   RO         6804    .constdata          m_ws.l(cos_i.o)
    0x080156f0   0x00000008   Data   RO         6824    .constdata          m_ws.l(qnan.o)
    0x080156f8   0x000000c8   Data   RO         6827    .constdata          m_ws.l(rred.o)
    0x080157c0   0x00000028   Data   RO         6831    .constdata          m_ws.l(sin_i.o)
    0x080157e8   0x00000094   Data   RO         6876    .constdata          c_w.l(bigflt0.o)
    0x0801587c   0x00000112   Data   RO          351    .conststring        marlin_main.o
    0x0801598e   0x00000002   PAD
    0x08015990   0x000000b5   Data   RO          478    .conststring        configurationstore.o
    0x08015a45   0x00000003   PAD
    0x08015a48   0x00000051   Data   RO         1249    .conststring        temperature.o
    0x08015a99   0x00000003   PAD
    0x08015a9c   0x00000459   Data   RO         2030    .conststring        lcd12864_menu.o
    0x08015ef5   0x00000003   PAD
    0x08015ef8   0x0000006c   Data   RO         5662    .conststring        exfuns.o
    0x08015f64   0x00000020   Data   RO         7097    Region$$Table       anon$$obj.o
    0x08015f84   0x00000008   Data   RO         6987    c$$dinf             fz_ws.l(fpconst.o)
    0x08015f8c   0x00000110   Data   RO         6904    locale$$data        c_w.l(lc_ctype_c.o)
    0x0801609c   0x0000001c   Data   RO         6907    locale$$data        c_w.l(lc_numeric_c.o)


    Execution Region RW_IRAM1 (Base: 0x20000000, Size: 0x0000e3d8, Max: 0x00010000, ABSOLUTE, COMPRESSED[0x00000290])

    Base Addr    Size         Type   Attr      Idx    E Section Name        Object

    0x20000000   0x000000b8   Data   RW          352    .data               marlin_main.o
    0x200000b8   0x00000002   Data   RW          524    .data               cardreader.o
    0x200000ba   0x00000002   Data   RW          732    .data               flash.o
    0x200000bc   0x00000002   Data   RW          828    .data               rtc.o
    0x200000be   0x00000002   PAD
    0x200000c0   0x0000003c   Data   RW          935    .data               planner.o
    0x200000fc   0x0000004e   Data   RW         1088    .data               stepper.o
    0x2000014a   0x00000002   PAD
    0x2000014c   0x0000007c   Data   RW         1250    .data               temperature.o
    0x200001c8   0x00000010   Data   RW         1741    .data               sdio_sdcard.o
    0x200001d8   0x00000001   Data   RW         1912    .data               key.o
    0x200001d9   0x00000020   Data   RW         1939    .data               lcd12864.o
    0x200001f9   0x00000003   PAD
    0x200001fc   0x00000856   Data   RW         2031    .data               lcd12864_menu.o
    0x20000a52   0x00000004   Data   RW         2254    .data               delay.o
    0x20000a56   0x00000002   PAD
    0x20000a58   0x00000004   Data   RW         2311    .data               usart.o
    0x20000a5c   0x00000005   Data   RW         2379    .data               timer.o
    0x20000a61   0x00000014   Data   RW         4163    .data               stm32f10x_rcc.o
    0x20000a75   0x00000003   PAD
    0x20000a78   0x00000014   Data   RW         5547    .data               system_stm32f10x.o
    0x20000a8c   0x00000014   Data   RW         5595    .data               malloc.o
    0x20000aa0   0x0000001c   Data   RW         5663    .data               exfuns.o
    0x20000abc   0x00000002   Data   RW         5745    .data               diskio.o
    0x20000abe   0x00000002   PAD
    0x20000ac0   0x0000000a   Data   RW         5858    .data               ff.o
    0x20000aca   0x00000002   PAD
    0x20000acc   0x00000486   Zero   RW          349    .bss                marlin_main.o
    0x20000f52   0x00000002   PAD
    0x20000f54   0x0000025c   Zero   RW          523    .bss                cardreader.o
    0x200011b0   0x00001000   Zero   RW          731    .bss                flash.o
    0x200021b0   0x0000000a   Zero   RW          826    .bss                rtc.o
    0x200021ba   0x00000002   PAD
    0x200021bc   0x00000ae0   Zero   RW          934    .bss                planner.o
    0x20002c9c   0x0000001c   Zero   RW         1087    .bss                stepper.o
    0x20002cb8   0x000002c0   Zero   RW         1740    .bss                sdio_sdcard.o
    0x20002f78   0x00000c4e   Zero   RW         2029    .bss                lcd12864_menu.o
    0x20003bc6   0x00000002   PAD
    0x20003bc8   0x00000088   Zero   RW         2310    .bss                usart.o
    0x20003c50   0x000094c0   Zero   RW         5593    .bss                malloc.o
    0x2000d110   0x00000044   Zero   RW         5660    .bss                exfuns.o
    0x2000d154   0x00000021   Zero   RW         6175    .bss                fontupd.o
    0x2000d175   0x00000003   PAD
    0x2000d178   0x00000060   Zero   RW         6837    .bss                c_w.l(libspace.o)
    0x2000d1d8   0x00000200   Zero   RW         5578    HEAP                startup_stm32f10x_hd.o
    0x2000d3d8   0x00001000   Zero   RW         5577    STACK               startup_stm32f10x_hd.o


==============================================================================

Image component sizes


      Code (inc. data)   RO Data    RW Data    ZI Data      Debug   Object Name

         8          0          0          0          0        443   24cxx.o
       192         14          0          0          0       1093   adc.o
        84         10          0          0          0        964   beep.o
      1158        378          0          2        604      10924   cardreader.o
      2128        814        229          0          0       2614   configurationstore.o
       220         26          0          4          0       1655   delay.o
       538         18          0          2          0       6640   diskio.o
       334         20        524         28         68       2984   exfuns.o
       144         12          0          0          0       1044   exti.o
      7808         70         58         10          0      39404   ff.o
       728         56          0          2       4096       6570   flash.o
         0          0          0          0         33       1533   fontupd.o
        52          6          0          0          0        467   iic.o
       224         14          0          1          0       1126   key.o
       768         26          0         32          0       5534   lcd12864.o
      9144       1424       1113       2134       3150      25767   lcd12864_menu.o
        60          6          0          0          0        475   led.o
       112          8          0          0          0     295353   main.o
       364         30          0         20      38080       5442   malloc.o
     11248       2080        317        184       1158      19074   marlin_main.o
       172         22          0          0          0       1905   misc.o
      1052         26          0          0          0       2089   motion_control.o
       208         16        960          0          0       1935   mycc936.o
      6830        494          0         60       2784      19516   planner.o
       474         20         24          2         10       3429   rtc.o
      7254        384          0         16        704      32666   sdio_sdcard.o
       312         20          0          0          0       1753   spi.o
        64         26        304          0       4608        800   startup_stm32f10x_hd.o
      2972        620          0         78         28      12864   stepper.o
       486         24          0          0          0       8170   stm32f10x_adc.o
       416          8          0          0          0       3270   stm32f10x_dma.o
       160         12          0          0          0       1381   stm32f10x_exti.o
       350          4          0          0          0       3466   stm32f10x_gpio.o
        26          0          0          0          0       3734   stm32f10x_it.o
       396         56          0         20          0       6391   stm32f10x_rcc.o
        92         16          0          0          0       1937   stm32f10x_rtc.o
       304         72          0          0          0       7550   stm32f10x_sdio.o
       112          0          0          0          0       3618   stm32f10x_spi.o
       250         42          0          0          0       3846   stm32f10x_tim.o
       598         28          0          0          0       6456   stm32f10x_usart.o
         8          0          0          0          0        837   sys.o
       328         28          0         20          0       2101   system_stm32f10x.o
      4306       1016        569        124          0      19963   temperature.o
       456         30          0          5          0       3759   timer.o
       390         38          0          4        136       6515   usart.o

    ----------------------------------------------------------------------
     63392       8014       4144       2764      55468     589057   Object Totals
         0          0         32          0          0          0   (incl. Generated)
        62          0         14         16          9          0   (incl. Padding)

    ----------------------------------------------------------------------

      Code (inc. data)   RO Data    RW Data    ZI Data      Debug   Library Member Name

        90          0          0          0          0          0   __dczerorl2.o
         8          0          0          0          0         68   __main.o
       352          0          0          0          0         88   __printf_ss_wp.o
        14          0          0          0          0         68   __printf_wp.o
         0          0          0          0          0          0   __rtentry.o
        12          0          0          0          0          0   __rtentry2.o
         6          0          0          0          0          0   __rtentry4.o
        52          8          0          0          0          0   __scatter.o
        28          0          0          0          0          0   __scatter_zi.o
        28          0          0          0          0         68   _chval.o
         6          0          0          0          0          0   _printf_c.o
        44          0          0          0          0        108   _printf_char.o
        48          6          0          0          0         96   _printf_char_common.o
        36          4          0          0          0         80   _printf_char_file.o
         6          0          0          0          0          0   _printf_d.o
       120         16          0          0          0         92   _printf_dec.o
         6          0          0          0          0          0   _printf_f.o
      1050          0          0          0          0        216   _printf_fp_dec.o
       128         16          0          0          0         84   _printf_fp_infnan.o
       178          0          0          0          0         88   _printf_intcommon.o
        78          0          0          0          0        108   _printf_pad.o
         0          0          0          0          0          0   _printf_percent.o
         4          0          0          0          0          0   _printf_percent_end.o
         6          0          0          0          0          0   _printf_s.o
        82          0          0          0          0         80   _printf_str.o
        22          0          0          0          0        100   _rserrno.o
        64          0          0          0          0         84   _sgetc.o
        10          0          0          0          0         68   _sputc.o
       158          0          0          0          0         92   _strtoul.o
       220          4        148          0          0         96   bigflt0.o
      2074        132          0          0          0        940   btod.o
        18          0          0          0          0         80   exit.o
         8          0          0          0          0         68   ferror.o
         6          0          0          0          0        152   heapauxi.o
        18          0          0          0          0         76   isspace.o
        44         10        272          0          0         76   lc_ctype_c.o
        44         10         28          0          0         76   lc_numeric_c.o
         2          0          0          0          0          0   libinit.o
        30          0          0          0          0          0   libinit2.o
         2          0          0          0          0          0   libshutdown.o
         2          0          0          0          0          0   libshutdown2.o
         8          4          0          0         96         68   libspace.o
        72          0          0          0          0         76   llsdiv.o
        38          0          0          0          0         68   llshl.o
       138          0          0          0          0         80   lludiv10.o
       238          0          0          0          0        100   lludivv7m.o
        24          4          0          0          0         84   noretval__2printf.o
        40          6          0          0          0         84   noretval__2sprintf.o
        16          4          0          0          0         76   rt_ctype_table.o
         8          4          0          0          0         68   rt_errno_addr_intlibspace.o
         8          4          0          0          0         68   rt_locale_intlibspace.o
        68          0          0          0          0         68   rt_memclr.o
        78          0          0          0          0         80   rt_memclr_w.o
       138          0          0          0          0         68   rt_memcpy_v6.o
       100          0          0          0          0         80   rt_memcpy_w.o
         2          0          0          0          0          0   rtexit.o
        10          0          0          0          0          0   rtexit2.o
      1188         12          0          0          0        148   scanf_fp.o
       800         14          0          0          0        100   scanf_hexfp.o
       308         16          0          0          0        100   scanf_infnan.o
        24          0          0          0          0         68   strcat.o
        20          0          0          0          0         68   strchr.o
       128          0          0          0          0         68   strcmpv7m.o
        72          0          0          0          0         80   strcpy.o
        62          0          0          0          0         76   strlen.o
       150          0          0          0          0         80   strncmp.o
        86          0          0          0          0         76   strncpy.o
        36          0          0          0          0         80   strstr.o
       160         12          0          0          0        120   strtod.o
       112          0          0          0          0         88   strtol.o
        74          0          0          0          0         80   sys_stackheap_outer.o
         2          0          0          0          0         68   use_no_semi.o
         2          0          0          0          0         68   use_no_semi_2.o
        98          4          0          0          0         92   d2f.o
       826         16          0          0          0        348   daddsub_clz.o
        16          4          0          0          0         68   dcheck1.o
        24          0          0          0          0         68   dcmpi.o
       688        140          0          0          0        208   ddiv.o
       120          4          0          0          0         92   deqf.o
        94          4          0          0          0         92   dfix.o
        90          4          0          0          0         92   dfixu.o
        84          0          0          0          0        136   dflt_clz.o
       120          4          0          0          0         92   dleqf.o
       340         12          0          0          0        104   dmul.o
       156          4          0          0          0         92   dnaninf.o
        12          0          0          0          0         68   dretinf.o
       108          0          0          0          0         80   drleqf.o
       460         56          0          0          0        120   dsqrt_noumaal.o
        86          4          0          0          0         84   f2d.o
       450          8          0          0          0        236   faddsub_clz.o
        24          0          0          0          0         68   fcmpi.o
       388         76          0          0          0         96   fdiv.o
       104          4          0          0          0         84   feqf.o
        54          4          0          0          0         84   ffix.o
        62          4          0          0          0         84   ffixu.o
        86          0          0          0          0        136   fflt_clz.o
       104          4          0          0          0         84   fleqf.o
       258          4          0          0          0         84   fmul.o
       140          4          0          0          0         84   fnaninf.o
         0          0          8          0          0          0   fpconst.o
        10          0          0          0          0         68   fretinf.o
        98          0          0          0          0         68   frleqf.o
         4          0          0          0          0         68   printf1.o
       100          0          0          0          0         68   retnan.o
        92          0          0          0          0         68   scalbn.o
         4          0          0          0          0         68   scanf1.o
         8          0          0          0          0         84   scanf2.o
        48          0          0          0          0         68   trapv.o
         0          0          0          0          0          0   usenofp.o
       544         70        152          0          0        124   atan.o
       384         38          0          0          0        144   atan2.o
       220         16          0          0          0         84   ceil.o
       156          8          0          0          0        104   cos.o
       252         22         48          0          0        124   cos_i.o
        68         10          0          0          0        408   dunder.o
       220         16          0          0          0         84   floor.o
        40          0          0          0          0         68   fpclassify.o
        88          8          0          0          0         76   frexp.o
       656         22          0          0          0        160   hypot.o
       138          0          0          0          0        160   ldexp.o
       152          4          0          0          0        168   narrow.o
       170          0          0          0          0         96   poly.o
      2520        190        136          0          0        324   pow.o
         0          0          8          0          0          0   qnan.o
       904         76        200          0          0        140   rred.o
       160         10          0          0          0        108   sin.o
       236         12         40          0          0        128   sin_i.o
        76          0          0          0          0         84   sqrt.o
        28          0          0          0          0         80   strtod.o

    ----------------------------------------------------------------------
     21720       1154       1040          0         96      11688   Library Totals
        38          2          0          0          0          0   (incl. Padding)

    ----------------------------------------------------------------------

      Code (inc. data)   RO Data    RW Data    ZI Data      Debug   Library Name

      9314        286        448          0         96       5588   c_w.l
      5356        364          8          0          0       3436   fz_ws.l
      7012        502        584          0          0       2664   m_ws.l

    ----------------------------------------------------------------------
     21720       1154       1040          0         96      11688   Library Totals

    ----------------------------------------------------------------------

==============================================================================


      Code (inc. data)   RO Data    RW Data    ZI Data      Debug   

     85112       9168       5184       2764      55564     575313   Grand Totals
     85112       9168       5184        656      55564     575313   ELF Image Totals (compressed)
     85112       9168       5184        656          0          0   ROM Totals

==============================================================================

    Total RO  Size (Code + RO Data)                90296 (  88.18kB)
    Total RW  Size (RW Data + ZI Data)             58328 (  56.96kB)
    Total ROM Size (Code + RO Data + RW Data)      90952 (  88.82kB)

==============================================================================

